Component: ARM Compiler 5.06 update 6 (build 750) Tool: armlink [4d35ed]

==============================================================================

Section Cross References

    startup_stm32h743xx.o(RESET) refers to startup_stm32h743xx.o(STACK) for __initial_sp
    startup_stm32h743xx.o(RESET) refers to startup_stm32h743xx.o(.text) for Reset_Handler
    startup_stm32h743xx.o(RESET) refers to stm32h7xx_it.o(i.NMI_Handler) for NMI_Handler
    startup_stm32h743xx.o(RESET) refers to stm32h7xx_it.o(i.HardFault_Handler) for HardFault_Handler
    startup_stm32h743xx.o(RESET) refers to stm32h7xx_it.o(i.MemManage_Handler) for MemManage_Handler
    startup_stm32h743xx.o(RESET) refers to stm32h7xx_it.o(i.BusFault_Handler) for BusFault_Handler
    startup_stm32h743xx.o(RESET) refers to stm32h7xx_it.o(i.UsageFault_Handler) for UsageFault_Handler
    startup_stm32h743xx.o(RESET) refers to stm32h7xx_it.o(i.SVC_Handler) for SVC_Handler
    startup_stm32h743xx.o(RESET) refers to stm32h7xx_it.o(i.DebugMon_Handler) for DebugMon_Handler
    startup_stm32h743xx.o(RESET) refers to stm32h7xx_it.o(i.PendSV_Handler) for PendSV_Handler
    startup_stm32h743xx.o(.text) refers to system_stm32h7xx.o(i.SystemInit) for SystemInit
    startup_stm32h743xx.o(.text) refers to entry.o(.ARM.Collect$$$$00000000) for __main
    system_stm32h7xx.o(i.SystemCoreClockUpdate) refers to system_stm32h7xx.o(.data) for SystemCoreClock
    system_stm32h7xx.o(i.SystemCoreClockUpdate) refers to system_stm32h7xx.o(.constdata) for D1CorePrescTable
    stm32h7xx_hal.o(i.HAL_DeInit) refers to stm32h7xx_hal.o(i.HAL_MspDeInit) for HAL_MspDeInit
    stm32h7xx_hal.o(i.HAL_Delay) refers to core_delay.o(i.HAL_GetTick) for HAL_GetTick
    stm32h7xx_hal.o(i.HAL_Delay) refers to stm32h7xx_hal.o(.data) for uwTickFreq
    stm32h7xx_hal.o(i.HAL_GetTick) refers to stm32h7xx_hal.o(.data) for uwTick
    stm32h7xx_hal.o(i.HAL_GetTickFreq) refers to stm32h7xx_hal.o(.data) for uwTickFreq
    stm32h7xx_hal.o(i.HAL_GetTickPrio) refers to stm32h7xx_hal.o(.data) for uwTickPrio
    stm32h7xx_hal.o(i.HAL_IncTick) refers to stm32h7xx_hal.o(.data) for uwTick
    stm32h7xx_hal.o(i.HAL_Init) refers to stm32h7xx_hal_cortex.o(i.HAL_NVIC_SetPriorityGrouping) for HAL_NVIC_SetPriorityGrouping
    stm32h7xx_hal.o(i.HAL_Init) refers to core_delay.o(i.HAL_InitTick) for HAL_InitTick
    stm32h7xx_hal.o(i.HAL_Init) refers to stm32h7xx_hal.o(i.HAL_MspInit) for HAL_MspInit
    stm32h7xx_hal.o(i.HAL_InitTick) refers to stm32h7xx_hal_cortex.o(i.HAL_SYSTICK_Config) for HAL_SYSTICK_Config
    stm32h7xx_hal.o(i.HAL_InitTick) refers to stm32h7xx_hal_cortex.o(i.HAL_NVIC_SetPriority) for HAL_NVIC_SetPriority
    stm32h7xx_hal.o(i.HAL_InitTick) refers to stm32h7xx_hal.o(.data) for uwTickFreq
    stm32h7xx_hal.o(i.HAL_InitTick) refers to system_stm32h7xx.o(.data) for SystemCoreClock
    stm32h7xx_hal.o(i.HAL_SYSCFG_EnableVREFBUF) refers to core_delay.o(i.HAL_GetTick) for HAL_GetTick
    stm32h7xx_hal.o(i.HAL_SetTickFreq) refers to core_delay.o(i.HAL_InitTick) for HAL_InitTick
    stm32h7xx_hal.o(i.HAL_SetTickFreq) refers to stm32h7xx_hal.o(.data) for uwTickFreq
    stm32h7xx_hal_cortex.o(i.HAL_NVIC_GetPriorityGrouping) refers to stm32h7xx_hal_cortex.o(i.__NVIC_GetPriorityGrouping) for __NVIC_GetPriorityGrouping
    stm32h7xx_hal_cortex.o(i.HAL_NVIC_SetPriority) refers to stm32h7xx_hal_cortex.o(i.__NVIC_GetPriorityGrouping) for __NVIC_GetPriorityGrouping
    stm32h7xx_hal_cortex.o(i.HAL_NVIC_SetPriority) refers to stm32h7xx_hal_cortex.o(i.__NVIC_SetPriority) for __NVIC_SetPriority
    stm32h7xx_hal_cortex.o(i.HAL_SYSTICK_Config) refers to stm32h7xx_hal_cortex.o(i.__NVIC_SetPriority) for __NVIC_SetPriority
    stm32h7xx_hal_cortex.o(i.HAL_SYSTICK_IRQHandler) refers to stm32h7xx_hal_cortex.o(i.HAL_SYSTICK_Callback) for HAL_SYSTICK_Callback
    stm32h7xx_hal_dma.o(i.DMA_CalcBaseAndBitshift) refers to stm32h7xx_hal_dma.o(.constdata) for flagBitshiftOffset
    stm32h7xx_hal_dma.o(i.HAL_DMA_Abort) refers to core_delay.o(i.HAL_GetTick) for HAL_GetTick
    stm32h7xx_hal_dma.o(i.HAL_DMA_DeInit) refers to stm32h7xx_hal_dma.o(i.DMA_CalcBaseAndBitshift) for DMA_CalcBaseAndBitshift
    stm32h7xx_hal_dma.o(i.HAL_DMA_DeInit) refers to stm32h7xx_hal_dma.o(i.DMA_CalcDMAMUXChannelBaseAndMask) for DMA_CalcDMAMUXChannelBaseAndMask
    stm32h7xx_hal_dma.o(i.HAL_DMA_DeInit) refers to stm32h7xx_hal_dma.o(i.DMA_CalcDMAMUXRequestGenBaseAndMask) for DMA_CalcDMAMUXRequestGenBaseAndMask
    stm32h7xx_hal_dma.o(i.HAL_DMA_IRQHandler) refers to system_stm32h7xx.o(.data) for SystemCoreClock
    stm32h7xx_hal_dma.o(i.HAL_DMA_Init) refers to core_delay.o(i.HAL_GetTick) for HAL_GetTick
    stm32h7xx_hal_dma.o(i.HAL_DMA_Init) refers to stm32h7xx_hal_dma.o(i.DMA_CheckFifoParam) for DMA_CheckFifoParam
    stm32h7xx_hal_dma.o(i.HAL_DMA_Init) refers to stm32h7xx_hal_dma.o(i.DMA_CalcBaseAndBitshift) for DMA_CalcBaseAndBitshift
[...]
    Removing stm32h7xx_hal_uart_ex.o(.constdata), (48 bytes).
    Removing stm32h7xx_hal_usart.o(.rev16_text), (4 bytes).
    Removing stm32h7xx_hal_usart.o(.revsh_text), (4 bytes).
    Removing stm32h7xx_hal_usart.o(.rrx_text), (6 bytes).
    Removing stm32h7xx_hal_usart.o(i.HAL_USART_Abort), (136 bytes).
    Removing stm32h7xx_hal_usart.o(i.HAL_USART_AbortCpltCallback), (2 bytes).
    Removing stm32h7xx_hal_usart.o(i.HAL_USART_Abort_IT), (228 bytes).
    Removing stm32h7xx_hal_usart.o(i.HAL_USART_DMAPause), (154 bytes).
    Removing stm32h7xx_hal_usart.o(i.HAL_USART_DMAResume), (130 bytes).
    Removing stm32h7xx_hal_usart.o(i.HAL_USART_DMAStop), (64 bytes).
    Removing stm32h7xx_hal_usart.o(i.HAL_USART_DeInit), (56 bytes).
    Removing stm32h7xx_hal_usart.o(i.HAL_USART_ErrorCallback), (2 bytes).
    Removing stm32h7xx_hal_usart.o(i.HAL_USART_GetError), (6 bytes).
    Removing stm32h7xx_hal_usart.o(i.HAL_USART_GetState), (8 bytes).
    Removing stm32h7xx_hal_usart.o(i.HAL_USART_IRQHandler), (504 bytes).
    Removing stm32h7xx_hal_usart.o(i.HAL_USART_Init), (118 bytes).
    Removing stm32h7xx_hal_usart.o(i.HAL_USART_MspDeInit), (2 bytes).
    Removing stm32h7xx_hal_usart.o(i.HAL_USART_MspInit), (2 bytes).
    Removing stm32h7xx_hal_usart.o(i.HAL_USART_Receive), (304 bytes).
    Removing stm32h7xx_hal_usart.o(i.HAL_USART_Receive_DMA), (224 bytes).
    Removing stm32h7xx_hal_usart.o(i.HAL_USART_Receive_IT), (254 bytes).
    Removing stm32h7xx_hal_usart.o(i.HAL_USART_RxCpltCallback), (2 bytes).
    Removing stm32h7xx_hal_usart.o(i.HAL_USART_RxHalfCpltCallback), (2 bytes).
    Removing stm32h7xx_hal_usart.o(i.HAL_USART_Transmit), (198 bytes).
    Removing stm32h7xx_hal_usart.o(i.HAL_USART_TransmitReceive), (520 bytes).
    Removing stm32h7xx_hal_usart.o(i.HAL_USART_TransmitReceive_DMA), (240 bytes).
    Removing stm32h7xx_hal_usart.o(i.HAL_USART_TransmitReceive_IT), (232 bytes).
    Removing stm32h7xx_hal_usart.o(i.HAL_USART_Transmit_DMA), (152 bytes).
    Removing stm32h7xx_hal_usart.o(i.HAL_USART_Transmit_IT), (114 bytes).
    Removing stm32h7xx_hal_usart.o(i.HAL_USART_TxCpltCallback), (2 bytes).
    Removing stm32h7xx_hal_usart.o(i.HAL_USART_TxHalfCpltCallback), (2 bytes).
    Removing stm32h7xx_hal_usart.o(i.HAL_USART_TxRxCpltCallback), (2 bytes).
    Removing stm32h7xx_hal_usart.o(i.USART_CheckIdleState), (112 bytes).
    Removing stm32h7xx_hal_usart.o(i.USART_DMAAbortOnError), (24 bytes).
    Removing stm32h7xx_hal_usart.o(i.USART_DMAError), (44 bytes).
    Removing stm32h7xx_hal_usart.o(i.USART_DMAReceiveCplt), (122 bytes).
    Removing stm32h7xx_hal_usart.o(i.USART_DMARxAbortCallback), (58 bytes).
    Removing stm32h7xx_hal_usart.o(i.USART_DMARxHalfCplt), (14 bytes).
    Removing stm32h7xx_hal_usart.o(i.USART_DMATransmitCplt), (70 bytes).
    Removing stm32h7xx_hal_usart.o(i.USART_DMATxAbortCallback), (58 bytes).
    Removing stm32h7xx_hal_usart.o(i.USART_DMATxHalfCplt), (14 bytes).
    Removing stm32h7xx_hal_usart.o(i.USART_EndTransfer), (36 bytes).
    Removing stm32h7xx_hal_usart.o(i.USART_EndTransmit_IT), (44 bytes).
    Removing stm32h7xx_hal_usart.o(i.USART_Receive_IT), (122 bytes).
    Removing stm32h7xx_hal_usart.o(i.USART_SetConfig), (872 bytes).
    Removing stm32h7xx_hal_usart.o(i.USART_TransmitReceive_IT), (240 bytes).
    Removing stm32h7xx_hal_usart.o(i.USART_Transmit_IT), (118 bytes).
    Removing stm32h7xx_hal_usart.o(i.USART_WaitOnFlagUntilTimeout), (104 bytes).
    Removing stm32h7xx_hal_usart.o(.constdata), (48 bytes).
    Removing stm32h7xx_hal_wwdg.o(.rev16_text), (4 bytes).
    Removing stm32h7xx_hal_wwdg.o(.revsh_text), (4 bytes).
    Removing stm32h7xx_hal_wwdg.o(.rrx_text), (6 bytes).
    Removing stm32h7xx_hal_wwdg.o(.constdata), (48 bytes).
    Removing main.o(.rev16_text), (4 bytes).
    Removing main.o(.revsh_text), (4 bytes).
    Removing main.o(.rrx_text), (6 bytes).
    Removing main.o(.constdata), (48 bytes).
    Removing stm32h7xx_it.o(.rev16_text), (4 bytes).
    Removing stm32h7xx_it.o(.revsh_text), (4 bytes).
    Removing stm32h7xx_it.o(.rrx_text), (6 bytes).
    Removing stm32h7xx_it.o(.constdata), (48 bytes).
    Removing bsp_led.o(.rev16_text), (4 bytes).
    Removing bsp_led.o(.revsh_text), (4 bytes).
    Removing bsp_led.o(.rrx_text), (6 bytes).
    Removing bsp_led.o(.constdata), (48 bytes).
    Removing bsp_debug_usart.o(.rev16_text), (4 bytes).
    Removing bsp_debug_usart.o(.revsh_text), (4 bytes).
    Removing bsp_debug_usart.o(.rrx_text), (6 bytes).
    Removing bsp_debug_usart.o(i.Usart_SendString), (40 bytes).
    Removing bsp_debug_usart.o(i.fgetc), (28 bytes).
    Removing bsp_debug_usart.o(.constdata), (48 bytes).
    Removing bsp_qspi_flash.o(.rev16_text), (4 bytes).
    Removing bsp_qspi_flash.o(.revsh_text), (4 bytes).
    Removing bsp_qspi_flash.o(.rrx_text), (6 bytes).
    Removing bsp_qspi_flash.o(i.BSP_QSPI_Erase_Chip), (84 bytes).
    Removing bsp_qspi_flash.o(i.BSP_QSPI_FastRead), (104 bytes).
    Removing bsp_qspi_flash.o(i.BSP_QSPI_GetInfo), (28 bytes).
    Removing bsp_qspi_flash.o(i.BSP_QSPI_GetStatus), (104 bytes).
    Removing bsp_qspi_flash.o(i.BSP_QSPI_Init), (140 bytes).
    Removing bsp_qspi_flash.o(i.QSPI_Addr_Mode_Init), (152 bytes).
    Removing bsp_qspi_flash.o(i.QSPI_FLASH_WriteStatusReg), (152 bytes).
    Removing bsp_qspi_flash.o(i.QSPI_ResetMemory), (96 bytes).
    Removing bsp_qspi_flash.o(i.QSPI_Set_WP_High), (76 bytes).
    Removing bsp_qspi_flash.o(i.QSPI_Set_WP_TO_QSPI_IO), (72 bytes).
    Removing bsp_qspi_flash.o(.constdata), (48 bytes).
    Removing core_delay.o(.rev16_text), (4 bytes).
    Removing core_delay.o(.revsh_text), (4 bytes).
    Removing core_delay.o(.rrx_text), (6 bytes).
    Removing core_delay.o(i.CPU_TS_Tmr_Delay_US), (80 bytes).
    Removing core_delay.o(.constdata), (48 bytes).

798 unused section(s) (total 54645 bytes) removed from the image.

==============================================================================

Image Symbol Table

    Local Symbols

    Symbol Name                              Value     Ov Type        Size  Object(Section)

    ../clib/../cmprslib/lz77c.c              0x00000000   Number         0  __dclz77c.o ABSOLUTE
    ../clib/microlib/division.c              0x00000000   Number         0  uldiv.o ABSOLUTE
    ../clib/microlib/division.c              0x00000000   Number         0  uidiv.o ABSOLUTE
    ../clib/microlib/init/entry.s            0x00000000   Number         0  entry5.o ABSOLUTE
    ../clib/microlib/init/entry.s            0x00000000   Number         0  entry10a.o ABSOLUTE
    ../clib/microlib/init/entry.s            0x00000000   Number         0  entry9b.o ABSOLUTE
    ../clib/microlib/init/entry.s            0x00000000   Number         0  entry9a.o ABSOLUTE
    ../clib/microlib/init/entry.s            0x00000000   Number         0  entry8b.o ABSOLUTE
    ../clib/microlib/init/entry.s            0x00000000   Number         0  entry11a.o ABSOLUTE
    ../clib/microlib/init/entry.s            0x00000000   Number         0  entry10b.o ABSOLUTE
    ../clib/microlib/init/entry.s            0x00000000   Number         0  entry8a.o ABSOLUTE
    ../clib/microlib/init/entry.s            0x00000000   Number         0  entry7b.o ABSOLUTE
    ../clib/microlib/init/entry.s            0x00000000   Number         0  entry7a.o ABSOLUTE
    ../clib/microlib/init/entry.s            0x00000000   Number         0  entry11b.o ABSOLUTE
    ../clib/microlib/init/entry.s            0x00000000   Number         0  entry2.o ABSOLUTE
    ../clib/microlib/init/entry.s            0x00000000   Number         0  entry.o ABSOLUTE
    ../clib/microlib/longlong.c              0x00000000   Number         0  llsshr.o ABSOLUTE
    ../clib/microlib/longlong.c              0x00000000   Number         0  llshl.o ABSOLUTE
    ../clib/microlib/longlong.c              0x00000000   Number         0  llushr.o ABSOLUTE
    ../clib/microlib/printf/printf.c         0x00000000   Number         0  printf4.o ABSOLUTE
    ../clib/microlib/printf/printf.c         0x00000000   Number         0  printf3.o ABSOLUTE
    ../clib/microlib/printf/printf.c         0x00000000   Number         0  printfb.o ABSOLUTE
    ../clib/microlib/printf/printf.c         0x00000000   Number         0  printfa.o ABSOLUTE
    ../clib/microlib/printf/printf.c         0x00000000   Number         0  printf8.o ABSOLUTE
    ../clib/microlib/printf/printf.c         0x00000000   Number         0  printf7.o ABSOLUTE
    ../clib/microlib/printf/printf.c         0x00000000   Number         0  printf6.o ABSOLUTE
    ../clib/microlib/printf/printf.c         0x00000000   Number         0  printf5.o ABSOLUTE
    ../clib/microlib/printf/printf.c         0x00000000   Number         0  printf1.o ABSOLUTE
    ../clib/microlib/printf/printf.c         0x00000000   Number         0  printf2.o ABSOLUTE
    ../clib/microlib/printf/printf.c         0x00000000   Number         0  printf0.o ABSOLUTE
    ../clib/microlib/printf/stubs.s          0x00000000   Number         0  stubs.o ABSOLUTE
    ../clib/microlib/stdio/streams.c         0x00000000   Number         0  stdout.o ABSOLUTE
    ../clib/microlib/stubs.s                 0x00000000   Number         0  iusefp.o ABSOLUTE
    ../fplib/microlib/fpadd.c                0x00000000   Number         0  dadd.o ABSOLUTE
    ../fplib/microlib/fpdiv.c                0x00000000   Number         0  ddiv.o ABSOLUTE
    ../fplib/microlib/fpepilogue.c           0x00000000   Number         0  depilogue.o ABSOLUTE
    ../fplib/microlib/fpfix.c                0x00000000   Number         0  dfixul.o ABSOLUTE
    ../fplib/microlib/fpmul.c                0x00000000   Number         0  dmul.o ABSOLUTE
    ..\..\Libraries\CMSIS\Device\ST\STM32H7xx\Source\Templates\arm\startup_stm32h743xx.s 0x00000000   Number         0  startup_stm32h743xx.o ABSOLUTE
    ..\..\Libraries\CMSIS\Device\ST\STM32H7xx\Source\Templates\system_stm32h7xx.c 0x00000000   Number         0  system_stm32h7xx.o ABSOLUTE
    ..\..\Libraries\STM32H7xx_HAL_Driver\Src\stm32h7xx_hal.c 0x00000000   Number         0  stm32h7xx_hal.o ABSOLUTE
    ..\..\Libraries\STM32H7xx_HAL_Driver\Src\stm32h7xx_hal_adc.c 0x00000000   Number         0  stm32h7xx_hal_adc.o ABSOLUTE
    ..\..\Libraries\STM32H7xx_HAL_Driver\Src\stm32h7xx_hal_adc_ex.c 0x00000000   Number         0  stm32h7xx_hal_adc_ex.o ABSOLUTE
    ..\..\Libraries\STM32H7xx_HAL_Driver\Src\stm32h7xx_hal_cec.c 0x00000000   Number         0  stm32h7xx_hal_cec.o ABSOLUTE
    ..\..\Libraries\STM32H7xx_HAL_Driver\Src\stm32h7xx_hal_comp.c 0x00000000   Number         0  stm32h7xx_hal_comp.o ABSOLUTE
    ..\..\Libraries\STM32H7xx_HAL_Driver\Src\stm32h7xx_hal_cortex.c 0x00000000   Number         0  stm32h7xx_hal_cortex.o ABSOLUTE
    ..\..\Libraries\STM32H7xx_HAL_Driver\Src\stm32h7xx_hal_crc.c 0x00000000   Number         0  stm32h7xx_hal_crc.o ABSOLUTE
    ..\..\Libraries\STM32H7xx_HAL_Driver\Src\stm32h7xx_hal_crc_ex.c 0x00000000   Number         0  stm32h7xx_hal_crc_ex.o ABSOLUTE
    ..\..\Libraries\STM32H7xx_HAL_Driver\Src\stm32h7xx_hal_cryp.c 0x00000000   Number         0  stm32h7xx_hal_cryp.o ABSOLUTE
    ..\..\Libraries\STM32H7xx_HAL_Driver\Src\stm32h7xx_hal_cryp_ex.c 0x00000000   Number         0  stm32h7xx_hal_cryp_ex.o ABSOLUTE
    ..\..\Libraries\STM32H7xx_HAL_Driver\Src\stm32h7xx_hal_dac.c 0x00000000   Number         0  stm32h7xx_hal_dac.o ABSOLUTE
    ..\..\Libraries\STM32H7xx_HAL_Driver\Src\stm32h7xx_hal_dac_ex.c 0x00000000   Number         0  stm32h7xx_hal_dac_ex.o ABSOLUTE
    ..\..\Libraries\STM32H7xx_HAL_Driver\Src\stm32h7xx_hal_dcmi.c 0x00000000   Number         0  stm32h7xx_hal_dcmi.o ABSOLUTE
    ..\..\Libraries\STM32H7xx_HAL_Driver\Src\stm32h7xx_hal_dfsdm.c 0x00000000   Number         0  stm32h7xx_hal_dfsdm.o ABSOLUTE
    ..\..\Libraries\STM32H7xx_HAL_Driver\Src\stm32h7xx_hal_dma.c 0x00000000   Number         0  stm32h7xx_hal_dma.o ABSOLUTE
    ..\..\Libraries\STM32H7xx_HAL_Driver\Src\stm32h7xx_hal_dma2d.c 0x00000000   Number         0  stm32h7xx_hal_dma2d.o ABSOLUTE
    ..\..\Libraries\STM32H7xx_HAL_Driver\Src\stm32h7xx_hal_dma_ex.c 0x00000000   Number         0  stm32h7xx_hal_dma_ex.o ABSOLUTE
    ..\..\Libraries\STM32H7xx_HAL_Driver\Src\stm32h7xx_hal_eth.c 0x00000000   Number         0  stm32h7xx_hal_eth.o ABSOLUTE
    ..\..\Libraries\STM32H7xx_HAL_Driver\Src\stm32h7xx_hal_eth_ex.c 0x00000000   Number         0  stm32h7xx_hal_eth_ex.o ABSOLUTE
    ..\..\Libraries\STM32H7xx_HAL_Driver\Src\stm32h7xx_hal_fdcan.c 0x00000000   Number         0  stm32h7xx_hal_fdcan.o ABSOLUTE
    ..\..\Libraries\STM32H7xx_HAL_Driver\Src\stm32h7xx_hal_flash.c 0x00000000   Number         0  stm32h7xx_hal_flash.o ABSOLUTE
    ..\..\Libraries\STM32H7xx_HAL_Driver\Src\stm32h7xx_hal_flash_ex.c 0x00000000   Number         0  stm32h7xx_hal_flash_ex.o ABSOLUTE
    ..\..\Libraries\STM32H7xx_HAL_Driver\Src\stm32h7xx_hal_gpio.c 0x00000000   Number         0  stm32h7xx_hal_gpio.o ABSOLUTE
    ..\..\Libraries\STM32H7xx_HAL_Driver\Src\stm32h7xx_hal_hash.c 0x00000000   Number         0  stm32h7xx_hal_hash.o ABSOLUTE
    ..\..\Libraries\STM32H7xx_HAL_Driver\Src\stm32h7xx_hal_hash_ex.c 0x00000000   Number         0  stm32h7xx_hal_hash_ex.o ABSOLUTE
    ..\..\Libraries\STM32H7xx_HAL_Driver\Src\stm32h7xx_hal_hcd.c 0x00000000   Number         0  stm32h7xx_hal_hcd.o ABSOLUTE
    ..\..\Libraries\STM32H7xx_HAL_Driver\Src\stm32h7xx_hal_hrtim.c 0x00000000   Number         0  stm32h7xx_hal_hrtim.o ABSOLUTE
    ..\..\Libraries\STM32H7xx_HAL_Driver\Src\stm32h7xx_hal_hsem.c 0x00000000   Number         0  stm32h7xx_hal_hsem.o ABSOLUTE
    ..\..\Libraries\STM32H7xx_HAL_Driver\Src\stm32h7xx_hal_i2c.c 0x00000000   Number         0  stm32h7xx_hal_i2c.o ABSOLUTE
    ..\..\Libraries\STM32H7xx_HAL_Driver\Src\stm32h7xx_hal_i2c_ex.c 0x00000000   Number         0  stm32h7xx_hal_i2c_ex.o ABSOLUTE
    ..\..\Libraries\STM32H7xx_HAL_Driver\Src\stm32h7xx_hal_i2s.c 0x00000000   Number         0  stm32h7xx_hal_i2s.o ABSOLUTE
    ..\..\Libraries\STM32H7xx_HAL_Driver\Src\stm32h7xx_hal_i2s_ex.c 0x00000000   Number         0  stm32h7xx_hal_i2s_ex.o ABSOLUTE
    ..\..\Libraries\STM32H7xx_HAL_Driver\Src\stm32h7xx_hal_irda.c 0x00000000   Number         0  stm32h7xx_hal_irda.o ABSOLUTE
    ..\..\Libraries\STM32H7xx_HAL_Driver\Src\stm32h7xx_hal_iwdg.c 0x00000000   Number         0  stm32h7xx_hal_iwdg.o ABSOLUTE
    ..\..\Libraries\STM32H7xx_HAL_Driver\Src\stm32h7xx_hal_jpeg.c 0x00000000   Number         0  stm32h7xx_hal_jpeg.o ABSOLUTE
    ..\..\Libraries\STM32H7xx_HAL_Driver\Src\stm32h7xx_hal_lptim.c 0x00000000   Number         0  stm32h7xx_hal_lptim.o ABSOLUTE
    ..\..\Libraries\STM32H7xx_HAL_Driver\Src\stm32h7xx_hal_ltdc.c 0x00000000   Number         0  stm32h7xx_hal_ltdc.o ABSOLUTE
    ..\..\Libraries\STM32H7xx_HAL_Driver\Src\stm32h7xx_hal_mdios.c 0x00000000   Number         0  stm32h7xx_hal_mdios.o ABSOLUTE
    ..\..\Libraries\STM32H7xx_HAL_Driver\Src\stm32h7xx_hal_mdma.c 0x00000000   Number         0  stm32h7xx_hal_mdma.o ABSOLUTE
    ..\..\Libraries\STM32H7xx_HAL_Driver\Src\stm32h7xx_hal_mmc.c 0x00000000   Number         0  stm32h7xx_hal_mmc.o ABSOLUTE
    ..\..\Libraries\STM32H7xx_HAL_Driver\Src\stm32h7xx_hal_mmc_ex.c 0x00000000   Number         0  stm32h7xx_hal_mmc_ex.o ABSOLUTE
    ..\..\Libraries\STM32H7xx_HAL_Driver\Src\stm32h7xx_hal_nand.c 0x00000000   Number         0  stm32h7xx_hal_nand.o ABSOLUTE
    ..\..\Libraries\STM32H7xx_HAL_Driver\Src\stm32h7xx_hal_nor.c 0x00000000   Number         0  stm32h7xx_hal_nor.o ABSOLUTE
    ..\..\Libraries\STM32H7xx_HAL_Driver\Src\stm32h7xx_hal_opamp.c 0x00000000   Number         0  stm32h7xx_hal_opamp.o ABSOLUTE
    ..\..\Libraries\STM32H7xx_HAL_Driver\Src\stm32h7xx_hal_opamp_ex.c 0x00000000   Number         0  stm32h7xx_hal_opamp_ex.o ABSOLUTE
    ..\..\Libraries\STM32H7xx_HAL_Driver\Src\stm32h7xx_hal_pcd.c 0x00000000   Number         0  stm32h7xx_hal_pcd.o ABSOLUTE
    ..\..\Libraries\STM32H7xx_HAL_Driver\Src\stm32h7xx_hal_pcd_ex.c 0x00000000   Number         0  stm32h7xx_hal_pcd_ex.o ABSOLUTE
    ..\..\Libraries\STM32H7xx_HAL_Driver\Src\stm32h7xx_hal_pwr.c 0x00000000   Number         0  stm32h7xx_hal_pwr.o ABSOLUTE
    ..\..\Libraries\STM32H7xx_HAL_Driver\Src\stm32h7xx_hal_pwr_ex.c 0x00000000   Number         0  stm32h7xx_hal_pwr_ex.o ABSOLUTE
    ..\..\Libraries\STM32H7xx_HAL_Driver\Src\stm32h7xx_hal_qspi.c 0x00000000   Number         0  stm32h7xx_hal_qspi.o ABSOLUTE
    ..\..\Libraries\STM32H7xx_HAL_Driver\Src\stm32h7xx_hal_rcc.c 0x00000000   Number         0  stm32h7xx_hal_rcc.o ABSOLUTE
    ..\..\Libraries\STM32H7xx_HAL_Driver\Src\stm32h7xx_hal_rcc_ex.c 0x00000000   Number         0  stm32h7xx_hal_rcc_ex.o ABSOLUTE
    ..\..\Libraries\STM32H7xx_HAL_Driver\Src\stm32h7xx_hal_rng.c 0x00000000   Number         0  stm32h7xx_hal_rng.o ABSOLUTE
    ..\..\Libraries\STM32H7xx_HAL_Driver\Src\stm32h7xx_hal_rtc.c 0x00000000   Number         0  stm32h7xx_hal_rtc.o ABSOLUTE
    ..\..\Libraries\STM32H7xx_HAL_Driver\Src\stm32h7xx_hal_rtc_ex.c 0x00000000   Number         0  stm32h7xx_hal_rtc_ex.o ABSOLUTE
    ..\..\Libraries\STM32H7xx_HAL_Driver\Src\stm32h7xx_hal_sai.c 0x00000000   Number         0  stm32h7xx_hal_sai.o ABSOLUTE
    ..\..\Libraries\STM32H7xx_HAL_Driver\Src\stm32h7xx_hal_sai_ex.c 0x00000000   Number         0  stm32h7xx_hal_sai_ex.o ABSOLUTE
    ..\..\Libraries\STM32H7xx_HAL_Driver\Src\stm32h7xx_hal_sd.c 0x00000000   Number         0  stm32h7xx_hal_sd.o ABSOLUTE
    ..\..\Libraries\STM32H7xx_HAL_Driver\Src\stm32h7xx_hal_sd_ex.c 0x00000000   Number         0  stm32h7xx_hal_sd_ex.o ABSOLUTE
    ..\..\Libraries\STM32H7xx_HAL_Driver\Src\stm32h7xx_hal_sdram.c 0x00000000   Number         0  stm32h7xx_hal_sdram.o ABSOLUTE
    ..\..\Libraries\STM32H7xx_HAL_Driver\Src\stm32h7xx_hal_smartcard.c 0x00000000   Number         0  stm32h7xx_hal_smartcard.o ABSOLUTE
    ..\..\Libraries\STM32H7xx_HAL_Driver\Src\stm32h7xx_hal_smartcard_ex.c 0x00000000   Number         0  stm32h7xx_hal_smartcard_ex.o ABSOLUTE
    ..\..\Libraries\STM32H7xx_HAL_Driver\Src\stm32h7xx_hal_smbus.c 0x00000000   Number         0  stm32h7xx_hal_smbus.o ABSOLUTE
    ..\..\Libraries\STM32H7xx_HAL_Driver\Src\stm32h7xx_hal_spdifrx.c 0x00000000   Number         0  stm32h7xx_hal_spdifrx.o ABSOLUTE
    ..\..\Libraries\STM32H7xx_HAL_Driver\Src\stm32h7xx_hal_spi.c 0x00000000   Number         0  stm32h7xx_hal_spi.o ABSOLUTE
    ..\..\Libraries\STM32H7xx_HAL_Driver\Src\stm32h7xx_hal_spi_ex.c 0x00000000   Number         0  stm32h7xx_hal_spi_ex.o ABSOLUTE
    ..\..\Libraries\STM32H7xx_HAL_Driver\Src\stm32h7xx_hal_sram.c 0x00000000   Number         0  stm32h7xx_hal_sram.o ABSOLUTE
    ..\..\Libraries\STM32H7xx_HAL_Driver\Src\stm32h7xx_hal_swpmi.c 0x00000000   Number         0  stm32h7xx_hal_swpmi.o ABSOLUTE
    ..\..\Libraries\STM32H7xx_HAL_Driver\Src\stm32h7xx_hal_tim.c 0x00000000   Number         0  stm32h7xx_hal_tim.o ABSOLUTE
    ..\..\Libraries\STM32H7xx_HAL_Driver\Src\stm32h7xx_hal_tim_ex.c 0x00000000   Number         0  stm32h7xx_hal_tim_ex.o ABSOLUTE
    ..\..\Libraries\STM32H7xx_HAL_Driver\Src\stm32h7xx_hal_uart.c 0x00000000   Number         0  stm32h7xx_hal_uart.o ABSOLUTE
    ..\..\Libraries\STM32H7xx_HAL_Driver\Src\stm32h7xx_hal_uart_ex.c 0x00000000   Number         0  stm32h7xx_hal_uart_ex.o ABSOLUTE
    ..\..\Libraries\STM32H7xx_HAL_Driver\Src\stm32h7xx_hal_usart.c 0x00000000   Number         0  stm32h7xx_hal_usart.o ABSOLUTE
    ..\..\Libraries\STM32H7xx_HAL_Driver\Src\stm32h7xx_hal_wwdg.c 0x00000000   Number         0  stm32h7xx_hal_wwdg.o ABSOLUTE
    ..\..\User\delay\core_delay.c            0x00000000   Number         0  core_delay.o ABSOLUTE
    ..\..\User\flash\bsp_qspi_flash.c        0x00000000   Number         0  bsp_qspi_flash.o ABSOLUTE
    ..\..\User\led\bsp_led.c                 0x00000000   Number         0  bsp_led.o ABSOLUTE
    ..\..\User\main.c                        0x00000000   Number         0  main.o ABSOLUTE
    ..\..\User\stm32h7xx_it.c                0x00000000   Number         0  stm32h7xx_it.o ABSOLUTE
    ..\..\User\usart\bsp_debug_usart.c       0x00000000   Number         0  bsp_debug_usart.o ABSOLUTE
    ..\\..\\Libraries\\CMSIS\\Device\\ST\\STM32H7xx\\Source\\Templates\\system_stm32h7xx.c 0x00000000   Number         0  system_stm32h7xx.o ABSOLUTE
    ..\\..\\Libraries\\STM32H7xx_HAL_Driver\\Src\\stm32h7xx_hal.c 0x00000000   Number         0  stm32h7xx_hal.o ABSOLUTE
    ..\\..\\Libraries\\STM32H7xx_HAL_Driver\\Src\\stm32h7xx_hal_adc.c 0x00000000   Number         0  stm32h7xx_hal_adc.o ABSOLUTE
    ..\\..\\Libraries\\STM32H7xx_HAL_Driver\\Src\\stm32h7xx_hal_adc_ex.c 0x00000000   Number         0  stm32h7xx_hal_adc_ex.o ABSOLUTE
    ..\\..\\Libraries\\STM32H7xx_HAL_Driver\\Src\\stm32h7xx_hal_cec.c 0x00000000   Number         0  stm32h7xx_hal_cec.o ABSOLUTE
    ..\\..\\Libraries\\STM32H7xx_HAL_Driver\\Src\\stm32h7xx_hal_comp.c 0x00000000   Number         0  stm32h7xx_hal_comp.o ABSOLUTE
    ..\\..\\Libraries\\STM32H7xx_HAL_Driver\\Src\\stm32h7xx_hal_cortex.c 0x00000000   Number         0  stm32h7xx_hal_cortex.o ABSOLUTE
    ..\\..\\Libraries\\STM32H7xx_HAL_Driver\\Src\\stm32h7xx_hal_crc.c 0x00000000   Number         0  stm32h7xx_hal_crc.o ABSOLUTE
    ..\\..\\Libraries\\STM32H7xx_HAL_Driver\\Src\\stm32h7xx_hal_crc_ex.c 0x00000000   Number         0  stm32h7xx_hal_crc_ex.o ABSOLUTE
    ..\\..\\Libraries\\STM32H7xx_HAL_Driver\\Src\\stm32h7xx_hal_cryp.c 0x00000000   Number         0  stm32h7xx_hal_cryp.o ABSOLUTE
    ..\\..\\Libraries\\STM32H7xx_HAL_Driver\\Src\\stm32h7xx_hal_cryp_ex.c 0x00000000   Number         0  stm32h7xx_hal_cryp_ex.o ABSOLUTE
    ..\\..\\Libraries\\STM32H7xx_HAL_Driver\\Src\\stm32h7xx_hal_dac.c 0x00000000   Number         0  stm32h7xx_hal_dac.o ABSOLUTE
    ..\\..\\Libraries\\STM32H7xx_HAL_Driver\\Src\\stm32h7xx_hal_dac_ex.c 0x00000000   Number         0  stm32h7xx_hal_dac_ex.o ABSOLUTE
    ..\\..\\Libraries\\STM32H7xx_HAL_Driver\\Src\\stm32h7xx_hal_dcmi.c 0x00000000   Number         0  stm32h7xx_hal_dcmi.o ABSOLUTE
    ..\\..\\Libraries\\STM32H7xx_HAL_Driver\\Src\\stm32h7xx_hal_dfsdm.c 0x00000000   Number         0  stm32h7xx_hal_dfsdm.o ABSOLUTE
    ..\\..\\Libraries\\STM32H7xx_HAL_Driver\\Src\\stm32h7xx_hal_dma.c 0x00000000   Number         0  stm32h7xx_hal_dma.o ABSOLUTE
    ..\\..\\Libraries\\STM32H7xx_HAL_Driver\\Src\\stm32h7xx_hal_dma2d.c 0x00000000   Number         0  stm32h7xx_hal_dma2d.o ABSOLUTE
    ..\\..\\Libraries\\STM32H7xx_HAL_Driver\\Src\\stm32h7xx_hal_dma_ex.c 0x00000000   Number         0  stm32h7xx_hal_dma_ex.o ABSOLUTE
    ..\\..\\Libraries\\STM32H7xx_HAL_Driver\\Src\\stm32h7xx_hal_eth.c 0x00000000   Number         0  stm32h7xx_hal_eth.o ABSOLUTE
    ..\\..\\Libraries\\STM32H7xx_HAL_Driver\\Src\\stm32h7xx_hal_eth_ex.c 0x00000000   Number         0  stm32h7xx_hal_eth_ex.o ABSOLUTE
    ..\\..\\Libraries\\STM32H7xx_HAL_Driver\\Src\\stm32h7xx_hal_fdcan.c 0x00000000   Number         0  stm32h7xx_hal_fdcan.o ABSOLUTE
    ..\\..\\Libraries\\STM32H7xx_HAL_Driver\\Src\\stm32h7xx_hal_flash.c 0x00000000   Number         0  stm32h7xx_hal_flash.o ABSOLUTE
    ..\\..\\Libraries\\STM32H7xx_HAL_Driver\\Src\\stm32h7xx_hal_flash_ex.c 0x00000000   Number         0  stm32h7xx_hal_flash_ex.o ABSOLUTE
    ..\\..\\Libraries\\STM32H7xx_HAL_Driver\\Src\\stm32h7xx_hal_gpio.c 0x00000000   Number         0  stm32h7xx_hal_gpio.o ABSOLUTE
    ..\\..\\Libraries\\STM32H7xx_HAL_Driver\\Src\\stm32h7xx_hal_hash.c 0x00000000   Number         0  stm32h7xx_hal_hash.o ABSOLUTE
    ..\\..\\Libraries\\STM32H7xx_HAL_Driver\\Src\\stm32h7xx_hal_hash_ex.c 0x00000000   Number         0  stm32h7xx_hal_hash_ex.o ABSOLUTE
    ..\\..\\Libraries\\STM32H7xx_HAL_Driver\\Src\\stm32h7xx_hal_hcd.c 0x00000000   Number         0  stm32h7xx_hal_hcd.o ABSOLUTE
    ..\\..\\Libraries\\STM32H7xx_HAL_Driver\\Src\\stm32h7xx_hal_hrtim.c 0x00000000   Number         0  stm32h7xx_hal_hrtim.o ABSOLUTE
    ..\\..\\Libraries\\STM32H7xx_HAL_Driver\\Src\\stm32h7xx_hal_hsem.c 0x00000000   Number         0  stm32h7xx_hal_hsem.o ABSOLUTE
    ..\\..\\Libraries\\STM32H7xx_HAL_Driver\\Src\\stm32h7xx_hal_i2c.c 0x00000000   Number         0  stm32h7xx_hal_i2c.o ABSOLUTE
    ..\\..\\Libraries\\STM32H7xx_HAL_Driver\\Src\\stm32h7xx_hal_i2c_ex.c 0x00000000   Number         0  stm32h7xx_hal_i2c_ex.o ABSOLUTE
    ..\\..\\Libraries\\STM32H7xx_HAL_Driver\\Src\\stm32h7xx_hal_i2s.c 0x00000000   Number         0  stm32h7xx_hal_i2s.o ABSOLUTE
    ..\\..\\Libraries\\STM32H7xx_HAL_Driver\\Src\\stm32h7xx_hal_i2s_ex.c 0x00000000   Number         0  stm32h7xx_hal_i2s_ex.o ABSOLUTE
    ..\\..\\Libraries\\STM32H7xx_HAL_Driver\\Src\\stm32h7xx_hal_irda.c 0x00000000   Number         0  stm32h7xx_hal_irda.o ABSOLUTE
    ..\\..\\Libraries\\STM32H7xx_HAL_Driver\\Src\\stm32h7xx_hal_iwdg.c 0x00000000   Number         0  stm32h7xx_hal_iwdg.o ABSOLUTE
    ..\\..\\Libraries\\STM32H7xx_HAL_Driver\\Src\\stm32h7xx_hal_jpeg.c 0x00000000   Number         0  stm32h7xx_hal_jpeg.o ABSOLUTE
    ..\\..\\Libraries\\STM32H7xx_HAL_Driver\\Src\\stm32h7xx_hal_lptim.c 0x00000000   Number         0  stm32h7xx_hal_lptim.o ABSOLUTE
    ..\\..\\Libraries\\STM32H7xx_HAL_Driver\\Src\\stm32h7xx_hal_ltdc.c 0x00000000   Number         0  stm32h7xx_hal_ltdc.o ABSOLUTE
    ..\\..\\Libraries\\STM32H7xx_HAL_Driver\\Src\\stm32h7xx_hal_mdios.c 0x00000000   Number         0  stm32h7xx_hal_mdios.o ABSOLUTE
    ..\\..\\Libraries\\STM32H7xx_HAL_Driver\\Src\\stm32h7xx_hal_mdma.c 0x00000000   Number         0  stm32h7xx_hal_mdma.o ABSOLUTE
    ..\\..\\Libraries\\STM32H7xx_HAL_Driver\\Src\\stm32h7xx_hal_mmc.c 0x00000000   Number         0  stm32h7xx_hal_mmc.o ABSOLUTE
    ..\\..\\Libraries\\STM32H7xx_HAL_Driver\\Src\\stm32h7xx_hal_mmc_ex.c 0x00000000   Number         0  stm32h7xx_hal_mmc_ex.o ABSOLUTE
    ..\\..\\Libraries\\STM32H7xx_HAL_Driver\\Src\\stm32h7xx_hal_nand.c 0x00000000   Number         0  stm32h7xx_hal_nand.o ABSOLUTE
    ..\\..\\Libraries\\STM32H7xx_HAL_Driver\\Src\\stm32h7xx_hal_nor.c 0x00000000   Number         0  stm32h7xx_hal_nor.o ABSOLUTE
    ..\\..\\Libraries\\STM32H7xx_HAL_Driver\\Src\\stm32h7xx_hal_opamp.c 0x00000000   Number         0  stm32h7xx_hal_opamp.o ABSOLUTE
    ..\\..\\Libraries\\STM32H7xx_HAL_Driver\\Src\\stm32h7xx_hal_opamp_ex.c 0x00000000   Number         0  stm32h7xx_hal_opamp_ex.o ABSOLUTE
    ..\\..\\Libraries\\STM32H7xx_HAL_Driver\\Src\\stm32h7xx_hal_pcd.c 0x00000000   Number         0  stm32h7xx_hal_pcd.o ABSOLUTE
    ..\\..\\Libraries\\STM32H7xx_HAL_Driver\\Src\\stm32h7xx_hal_pcd_ex.c 0x00000000   Number         0  stm32h7xx_hal_pcd_ex.o ABSOLUTE
    ..\\..\\Libraries\\STM32H7xx_HAL_Driver\\Src\\stm32h7xx_hal_pwr.c 0x00000000   Number         0  stm32h7xx_hal_pwr.o ABSOLUTE
    ..\\..\\Libraries\\STM32H7xx_HAL_Driver\\Src\\stm32h7xx_hal_pwr_ex.c 0x00000000   Number         0  stm32h7xx_hal_pwr_ex.o ABSOLUTE
    ..\\..\\Libraries\\STM32H7xx_HAL_Driver\\Src\\stm32h7xx_hal_qspi.c 0x00000000   Number         0  stm32h7xx_hal_qspi.o ABSOLUTE
    ..\\..\\Libraries\\STM32H7xx_HAL_Driver\\Src\\stm32h7xx_hal_rcc.c 0x00000000   Number         0  stm32h7xx_hal_rcc.o ABSOLUTE
    ..\\..\\Libraries\\STM32H7xx_HAL_Driver\\Src\\stm32h7xx_hal_rcc_ex.c 0x00000000   Number         0  stm32h7xx_hal_rcc_ex.o ABSOLUTE
    ..\\..\\Libraries\\STM32H7xx_HAL_Driver\\Src\\stm32h7xx_hal_rng.c 0x00000000   Number         0  stm32h7xx_hal_rng.o ABSOLUTE
    ..\\..\\Libraries\\STM32H7xx_HAL_Driver\\Src\\stm32h7xx_hal_rtc.c 0x00000000   Number         0  stm32h7xx_hal_rtc.o ABSOLUTE
    ..\\..\\Libraries\\STM32H7xx_HAL_Driver\\Src\\stm32h7xx_hal_rtc_ex.c 0x00000000   Number         0  stm32h7xx_hal_rtc_ex.o ABSOLUTE
    ..\\..\\Libraries\\STM32H7xx_HAL_Driver\\Src\\stm32h7xx_hal_sai.c 0x00000000   Number         0  stm32h7xx_hal_sai.o ABSOLUTE
    ..\\..\\Libraries\\STM32H7xx_HAL_Driver\\Src\\stm32h7xx_hal_sai_ex.c 0x00000000   Number         0  stm32h7xx_hal_sai_ex.o ABSOLUTE
    ..\\..\\Libraries\\STM32H7xx_HAL_Driver\\Src\\stm32h7xx_hal_sd.c 0x00000000   Number         0  stm32h7xx_hal_sd.o ABSOLUTE
    ..\\..\\Libraries\\STM32H7xx_HAL_Driver\\Src\\stm32h7xx_hal_sd_ex.c 0x00000000   Number         0  stm32h7xx_hal_sd_ex.o ABSOLUTE
    ..\\..\\Libraries\\STM32H7xx_HAL_Driver\\Src\\stm32h7xx_hal_sdram.c 0x00000000   Number         0  stm32h7xx_hal_sdram.o ABSOLUTE
    ..\\..\\Libraries\\STM32H7xx_HAL_Driver\\Src\\stm32h7xx_hal_smartcard.c 0x00000000   Number         0  stm32h7xx_hal_smartcard.o ABSOLUTE
    ..\\..\\Libraries\\STM32H7xx_HAL_Driver\\Src\\stm32h7xx_hal_smartcard_ex.c 0x00000000   Number         0  stm32h7xx_hal_smartcard_ex.o ABSOLUTE
    ..\\..\\Libraries\\STM32H7xx_HAL_Driver\\Src\\stm32h7xx_hal_smbus.c 0x00000000   Number         0  stm32h7xx_hal_smbus.o ABSOLUTE
    ..\\..\\Libraries\\STM32H7xx_HAL_Driver\\Src\\stm32h7xx_hal_spdifrx.c 0x00000000   Number         0  stm32h7xx_hal_spdifrx.o ABSOLUTE
    ..\\..\\Libraries\\STM32H7xx_HAL_Driver\\Src\\stm32h7xx_hal_spi.c 0x00000000   Number         0  stm32h7xx_hal_spi.o ABSOLUTE
    ..\\..\\Libraries\\STM32H7xx_HAL_Driver\\Src\\stm32h7xx_hal_spi_ex.c 0x00000000   Number         0  stm32h7xx_hal_spi_ex.o ABSOLUTE
    ..\\..\\Libraries\\STM32H7xx_HAL_Driver\\Src\\stm32h7xx_hal_sram.c 0x00000000   Number         0  stm32h7xx_hal_sram.o ABSOLUTE
    ..\\..\\Libraries\\STM32H7xx_HAL_Driver\\Src\\stm32h7xx_hal_swpmi.c 0x00000000   Number         0  stm32h7xx_hal_swpmi.o ABSOLUTE
    ..\\..\\Libraries\\STM32H7xx_HAL_Driver\\Src\\stm32h7xx_hal_tim.c 0x00000000   Number         0  stm32h7xx_hal_tim.o ABSOLUTE
    ..\\..\\Libraries\\STM32H7xx_HAL_Driver\\Src\\stm32h7xx_hal_tim_ex.c 0x00000000   Number         0  stm32h7xx_hal_tim_ex.o ABSOLUTE
    ..\\..\\Libraries\\STM32H7xx_HAL_Driver\\Src\\stm32h7xx_hal_uart.c 0x00000000   Number         0  stm32h7xx_hal_uart.o ABSOLUTE
    ..\\..\\Libraries\\STM32H7xx_HAL_Driver\\Src\\stm32h7xx_hal_uart_ex.c 0x00000000   Number         0  stm32h7xx_hal_uart_ex.o ABSOLUTE
    ..\\..\\Libraries\\STM32H7xx_HAL_Driver\\Src\\stm32h7xx_hal_usart.c 0x00000000   Number         0  stm32h7xx_hal_usart.o ABSOLUTE
    ..\\..\\Libraries\\STM32H7xx_HAL_Driver\\Src\\stm32h7xx_hal_wwdg.c 0x00000000   Number         0  stm32h7xx_hal_wwdg.o ABSOLUTE
    ..\\..\\User\\delay\\core_delay.c        0x00000000   Number         0  core_delay.o ABSOLUTE
    ..\\..\\User\\flash\\bsp_qspi_flash.c    0x00000000   Number         0  bsp_qspi_flash.o ABSOLUTE
    ..\\..\\User\\led\\bsp_led.c             0x00000000   Number         0  bsp_led.o ABSOLUTE
    ..\\..\\User\\main.c                     0x00000000   Number         0  main.o ABSOLUTE
    ..\\..\\User\\stm32h7xx_it.c             0x00000000   Number         0  stm32h7xx_it.o ABSOLUTE
    ..\\..\\User\\usart\\bsp_debug_usart.c   0x00000000   Number         0  bsp_debug_usart.o ABSOLUTE
    cdrcmple.s                               0x00000000   Number         0  cdrcmple.o ABSOLUTE
    dc.s                                     0x00000000   Number         0  dc.o ABSOLUTE
    handlers.s                               0x00000000   Number         0  handlers.o ABSOLUTE
    init.s                                   0x00000000   Number         0  init.o ABSOLUTE
    RESET                                    0x08000000   Section      664  startup_stm32h743xx.o(RESET)
    .ARM.Collect$$$$00000000                 0x08000298   Section        0  entry.o(.ARM.Collect$$$$00000000)
    .ARM.Collect$$$$00000001                 0x08000298   Section        4  entry2.o(.ARM.Collect$$$$00000001)
    .ARM.Collect$$$$00000004                 0x0800029c   Section        4  entry5.o(.ARM.Collect$$$$00000004)
    .ARM.Collect$$$$00000008                 0x080002a0   Section        0  entry7b.o(.ARM.Collect$$$$00000008)
    .ARM.Collect$$$$0000000A                 0x080002a0   Section        0  entry8b.o(.ARM.Collect$$$$0000000A)
    .ARM.Collect$$$$0000000B                 0x080002a0   Section        8  entry9a.o(.ARM.Collect$$$$0000000B)
    .ARM.Collect$$$$0000000D                 0x080002a8   Section        0  entry10a.o(.ARM.Collect$$$$0000000D)
    .ARM.Collect$$$$0000000F                 0x080002a8   Section        0  entry11a.o(.ARM.Collect$$$$0000000F)
    .ARM.Collect$$$$00002712                 0x080002a8   Section        4  entry2.o(.ARM.Collect$$$$00002712)
    __lit__00000000                          0x080002a8   Data           4  entry2.o(.ARM.Collect$$$$00002712)
    .text                                    0x080002ac   Section       36  startup_stm32h743xx.o(.text)
    $v0                                      0x080002ac   Number         0  startup_stm32h743xx.o(.text)
    .text                                    0x080002d0   Section        0  uldiv.o(.text)
    .text                                    0x08000332   Section        0  uidiv.o(.text)
    .text                                    0x0800035e   Section        0  llshl.o(.text)
    .text                                    0x0800037c   Section        0  llushr.o(.text)
    .text                                    0x0800039c   Section        0  dadd.o(.text)
    .text                                    0x0800039c   Section        0  iusefp.o(.text)
    .text                                    0x080004ea   Section        0  dmul.o(.text)
    .text                                    0x080005ce   Section        0  ddiv.o(.text)
    .text                                    0x080006ac   Section        0  dfixul.o(.text)
    .text                                    0x080006dc   Section       48  cdrcmple.o(.text)
    .text                                    0x0800070c   Section       36  init.o(.text)
    .text                                    0x08000730   Section        0  llsshr.o(.text)
    .text                                    0x08000754   Section        0  depilogue.o(.text)
    .text                                    0x0800080e   Section        0  __dclz77c.o(.text)
    i.BSP_QSPI_Erase_Block                   0x0800086c   Section        0  bsp_qspi_flash.o(i.BSP_QSPI_Erase_Block)
    i.BSP_QSPI_Read                          0x080008cc   Section        0  bsp_qspi_flash.o(i.BSP_QSPI_Read)
    i.BSP_QSPI_Write                         0x08000934   Section        0  bsp_qspi_flash.o(i.BSP_QSPI_Write)
    i.Buffercmp                              0x080009f0   Section        0  main.o(i.Buffercmp)
    i.BusFault_Handler                       0x08000a12   Section        0  stm32h7xx_it.o(i.BusFault_Handler)
    i.CPU_TS_TmrRd                           0x08000a18   Section        0  core_delay.o(i.CPU_TS_TmrRd)
    i.DEBUG_USART_Config                     0x08000a24   Section        0  bsp_debug_usart.o(i.DEBUG_USART_Config)
    i.DebugMon_Handler                       0x08000b1c   Section        0  stm32h7xx_it.o(i.DebugMon_Handler)
    i.Delay                                  0x08000b1e   Section        0  main.o(i.Delay)
    i.HAL_GPIO_Init                          0x08000b30   Section        0  stm32h7xx_hal_gpio.o(i.HAL_GPIO_Init)
    i.HAL_GPIO_WritePin                      0x08000d7c   Section        0  stm32h7xx_hal_gpio.o(i.HAL_GPIO_WritePin)
    i.HAL_GetTick                            0x08000d88   Section        0  core_delay.o(i.HAL_GetTick)
    i.HAL_InitTick                           0x08000da4   Section        0  core_delay.o(i.HAL_InitTick)
    i.HAL_NVIC_EnableIRQ                     0x08000dd0   Section        0  stm32h7xx_hal_cortex.o(i.HAL_NVIC_EnableIRQ)
    i.HAL_NVIC_SetPriority                   0x08000df0   Section        0  stm32h7xx_hal_cortex.o(i.HAL_NVIC_SetPriority)
    i.HAL_QSPI_AutoPolling                   0x08000e6c   Section        0  stm32h7xx_hal_qspi.o(i.HAL_QSPI_AutoPolling)
    i.HAL_QSPI_Command                       0x08000f40   Section        0  stm32h7xx_hal_qspi.o(i.HAL_QSPI_Command)
    i.HAL_QSPI_Init                          0x08000fe8   Section        0  stm32h7xx_hal_qspi.o(i.HAL_QSPI_Init)
    i.HAL_QSPI_MspInit                       0x080010e4   Section        0  stm32h7xx_hal_qspi.o(i.HAL_QSPI_MspInit)
    i.HAL_QSPI_Receive                       0x080010e6   Section        0  stm32h7xx_hal_qspi.o(i.HAL_QSPI_Receive)
    i.HAL_QSPI_SetTimeout                    0x080011c8   Section        0  stm32h7xx_hal_qspi.o(i.HAL_QSPI_SetTimeout)
    i.HAL_QSPI_Transmit                      0x080011cc   Section        0  stm32h7xx_hal_qspi.o(i.HAL_QSPI_Transmit)
    i.HAL_RCCEx_GetD1SysClockFreq            0x080012a0   Section        0  stm32h7xx_hal_rcc_ex.o(i.HAL_RCCEx_GetD1SysClockFreq)
    i.HAL_RCCEx_GetD3PCLK1Freq               0x080012d8   Section        0  stm32h7xx_hal_rcc_ex.o(i.HAL_RCCEx_GetD3PCLK1Freq)
    i.HAL_RCCEx_GetPLL2ClockFreq             0x08001304   Section        0  stm32h7xx_hal_rcc_ex.o(i.HAL_RCCEx_GetPLL2ClockFreq)
    i.HAL_RCCEx_GetPLL3ClockFreq             0x08001530   Section        0  stm32h7xx_hal_rcc_ex.o(i.HAL_RCCEx_GetPLL3ClockFreq)
    i.HAL_RCCEx_PeriphCLKConfig              0x0800175c   Section        0  stm32h7xx_hal_rcc_ex.o(i.HAL_RCCEx_PeriphCLKConfig)
    i.HAL_RCC_ClockConfig                    0x080023e4   Section        0  stm32h7xx_hal_rcc.o(i.HAL_RCC_ClockConfig)
    i.HAL_RCC_GetHCLKFreq                    0x08002634   Section        0  stm32h7xx_hal_rcc.o(i.HAL_RCC_GetHCLKFreq)
    i.HAL_RCC_GetPCLK1Freq                   0x0800266c   Section        0  stm32h7xx_hal_rcc.o(i.HAL_RCC_GetPCLK1Freq)
    i.HAL_RCC_GetPCLK2Freq                   0x08002698   Section        0  stm32h7xx_hal_rcc.o(i.HAL_RCC_GetPCLK2Freq)
    i.HAL_RCC_GetSysClockFreq                0x080026c4   Section        0  stm32h7xx_hal_rcc.o(i.HAL_RCC_GetSysClockFreq)
    i.HAL_RCC_OscConfig                      0x08002908   Section        0  stm32h7xx_hal_rcc.o(i.HAL_RCC_OscConfig)
    i.HAL_UART_Init                          0x08002fc4   Section        0  stm32h7xx_hal_uart.o(i.HAL_UART_Init)
    i.HAL_UART_MspInit                       0x0800303c   Section        0  stm32h7xx_hal_uart.o(i.HAL_UART_MspInit)
    i.HAL_UART_Transmit                      0x0800303e   Section        0  stm32h7xx_hal_uart.o(i.HAL_UART_Transmit)
    i.HardFault_Handler                      0x08003104   Section        0  stm32h7xx_it.o(i.HardFault_Handler)
    i.LED_GPIO_Config                        0x08003108   Section        0  bsp_led.o(i.LED_GPIO_Config)
    i.MemManage_Handler                      0x080031e4   Section        0  stm32h7xx_it.o(i.MemManage_Handler)
    i.NMI_Handler                            0x080031e8   Section        0  stm32h7xx_it.o(i.NMI_Handler)
    i.PendSV_Handler                         0x080031ea   Section        0  stm32h7xx_it.o(i.PendSV_Handler)
    i.QSPI_AutoPollingMemReady               0x080031ec   Section        0  bsp_qspi_flash.o(i.QSPI_AutoPollingMemReady)
    QSPI_AutoPollingMemReady                 0x080031ed   Thumb Code    86  bsp_qspi_flash.o(i.QSPI_AutoPollingMemReady)
    i.QSPI_Config                            0x08003248   Section        0  stm32h7xx_hal_qspi.o(i.QSPI_Config)
    QSPI_Config                              0x08003249   Thumb Code   586  stm32h7xx_hal_qspi.o(i.QSPI_Config)
    i.QSPI_FLASH_Init                        0x08003494   Section        0  bsp_qspi_flash.o(i.QSPI_FLASH_Init)
    i.QSPI_FLASH_ReadDeviceID                0x080036d8   Section        0  bsp_qspi_flash.o(i.QSPI_FLASH_ReadDeviceID)
    i.QSPI_FLASH_ReadID                      0x0800376c   Section        0  bsp_qspi_flash.o(i.QSPI_FLASH_ReadID)
    i.QSPI_FLASH_ReadStatusReg               0x080037fc   Section        0  bsp_qspi_flash.o(i.QSPI_FLASH_ReadStatusReg)
    i.QSPI_WaitFlagStateUntilTimeout         0x080038a0   Section        0  stm32h7xx_hal_qspi.o(i.QSPI_WaitFlagStateUntilTimeout)
    QSPI_WaitFlagStateUntilTimeout           0x080038a1   Thumb Code    76  stm32h7xx_hal_qspi.o(i.QSPI_WaitFlagStateUntilTimeout)
    i.QSPI_WriteEnable                       0x080038ec   Section        0  bsp_qspi_flash.o(i.QSPI_WriteEnable)
    QSPI_WriteEnable                         0x080038ed   Thumb Code   112  bsp_qspi_flash.o(i.QSPI_WriteEnable)
    i.RCCEx_PLL2_Config                      0x08003960   Section        0  stm32h7xx_hal_rcc_ex.o(i.RCCEx_PLL2_Config)
    RCCEx_PLL2_Config                        0x08003961   Thumb Code   244  stm32h7xx_hal_rcc_ex.o(i.RCCEx_PLL2_Config)
    i.RCCEx_PLL3_Config                      0x08003a58   Section        0  stm32h7xx_hal_rcc_ex.o(i.RCCEx_PLL3_Config)
    RCCEx_PLL3_Config                        0x08003a59   Thumb Code   244  stm32h7xx_hal_rcc_ex.o(i.RCCEx_PLL3_Config)
    i.SCB_EnableDCache                       0x08003b50   Section        0  main.o(i.SCB_EnableDCache)
    SCB_EnableDCache                         0x08003b51   Thumb Code   148  main.o(i.SCB_EnableDCache)
    i.SCB_EnableICache                       0x08003bec   Section        0  main.o(i.SCB_EnableICache)
    SCB_EnableICache                         0x08003bed   Thumb Code   116  main.o(i.SCB_EnableICache)
    i.SVC_Handler                            0x08003c68   Section        0  stm32h7xx_it.o(i.SVC_Handler)
    i.SystemClock_Config                     0x08003c6c   Section        0  main.o(i.SystemClock_Config)
    SystemClock_Config                       0x08003c6d   Thumb Code   184  main.o(i.SystemClock_Config)
    i.SystemInit                             0x08003d28   Section        0  system_stm32h7xx.o(i.SystemInit)
    i.UART_AdvFeatureConfig                  0x08003dbc   Section        0  stm32h7xx_hal_uart.o(i.UART_AdvFeatureConfig)
    i.UART_CheckIdleState                    0x08003ea6   Section        0  stm32h7xx_hal_uart.o(i.UART_CheckIdleState)
    i.UART_SetConfig                         0x08003f1c   Section        0  stm32h7xx_hal_uart.o(i.UART_SetConfig)
    i.UART_WaitOnFlagUntilTimeout            0x080048c0   Section        0  stm32h7xx_hal_uart.o(i.UART_WaitOnFlagUntilTimeout)
    i.UsageFault_Handler                     0x0800492c   Section        0  stm32h7xx_it.o(i.UsageFault_Handler)
    i.__0printf                              0x08004930   Section        0  printfa.o(i.__0printf)
    i.__NVIC_GetPriorityGrouping             0x08004950   Section        0  stm32h7xx_hal_cortex.o(i.__NVIC_GetPriorityGrouping)
    __NVIC_GetPriorityGrouping               0x08004951   Thumb Code    10  stm32h7xx_hal_cortex.o(i.__NVIC_GetPriorityGrouping)
    i.__NVIC_SetPriority                     0x08004960   Section        0  stm32h7xx_hal_cortex.o(i.__NVIC_SetPriority)
    __NVIC_SetPriority                       0x08004961   Thumb Code    32  stm32h7xx_hal_cortex.o(i.__NVIC_SetPriority)
    i.__scatterload_copy                     0x08004988   Section       14  handlers.o(i.__scatterload_copy)
    i.__scatterload_null                     0x08004996   Section        2  handlers.o(i.__scatterload_null)
    i.__scatterload_zeroinit                 0x08004998   Section       14  handlers.o(i.__scatterload_zeroinit)
    i._fp_digits                             0x080049a8   Section        0  printfa.o(i._fp_digits)
    _fp_digits                               0x080049a9   Thumb Code   366  printfa.o(i._fp_digits)
    i._printf_core                           0x08004b2c   Section        0  printfa.o(i._printf_core)
    _printf_core                             0x08004b2d   Thumb Code  1744  printfa.o(i._printf_core)
    i._printf_post_padding                   0x08005208   Section        0  printfa.o(i._printf_post_padding)
    _printf_post_padding                     0x08005209   Thumb Code    36  printfa.o(i._printf_post_padding)
    i._printf_pre_padding                    0x0800522c   Section        0  printfa.o(i._printf_pre_padding)
    _printf_pre_padding                      0x0800522d   Thumb Code    46  printfa.o(i._printf_pre_padding)
    i.fputc                                  0x0800525c   Section        0  bsp_debug_usart.o(i.fputc)
    i.main                                   0x08005278   Section        0  main.o(i.main)
    .constdata                               0x080056e4   Section       64  system_stm32h7xx.o(.constdata)
    UARTPrescTable                           0x080056e4   Data          24  system_stm32h7xx.o(.constdata)
    USARTPrescTable                          0x080056fc   Data          24  system_stm32h7xx.o(.constdata)
    .constdata                               0x08005724   Section       48  stm32h7xx_hal_uart.o(.constdata)
    UARTPrescTable                           0x08005724   Data          24  stm32h7xx_hal_uart.o(.constdata)
    USARTPrescTable                          0x0800573c   Data          24  stm32h7xx_hal_uart.o(.constdata)
    .data                                    0x24000000   Section        8  system_stm32h7xx.o(.data)
    .data                                    0x24000008   Section    65838  main.o(.data)
    .data                                    0x24010138   Section        4  stdout.o(.data)
    .bss                                     0x2401013c   Section      256  main.o(.bss)
    .bss                                     0x2401023c   Section      128  bsp_debug_usart.o(.bss)
    .bss                                     0x240102bc   Section       76  bsp_qspi_flash.o(.bss)
    STACK                                    0x24010308   Section     1024  startup_stm32h743xx.o(STACK)

    Global Symbols

    Symbol Name                              Value     Ov Type        Size  Object(Section)

    BuildAttributes$$THM_ISAv4$E$P$D$K$B$S$7EM$VFPv5_D16$PE$PLD8$A:L22UL41UL21$X:L11$S22US41US21$IEEE1$IW$USESV6$~STKCKD$USESV7$~SHL$OSPACE$ROPI$EBA8$MICROLIB$REQ8$PRES8$EABIv2 0x00000000   Number         0  anon$$obj.o ABSOLUTE
    __ARM_use_no_argv                        0x00000000   Number         0  main.o ABSOLUTE
    _printf_a                                0x00000000   Number         0  stubs.o ABSOLUTE
    _printf_c                                0x00000000   Number         0  stubs.o ABSOLUTE
    _printf_charcount                        0x00000000   Number         0  stubs.o ABSOLUTE
    _printf_d                                0x00000000   Number         0  stubs.o ABSOLUTE
    _printf_e                                0x00000000   Number         0  stubs.o ABSOLUTE
    _printf_f                                0x00000000   Number         0  stubs.o ABSOLUTE
    _printf_flags                            0x00000000   Number         0  stubs.o ABSOLUTE
    _printf_fp_dec                           0x00000000   Number         0  stubs.o ABSOLUTE
    _printf_fp_hex                           0x00000000   Number         0  stubs.o ABSOLUTE
    _printf_g                                0x00000000   Number         0  stubs.o ABSOLUTE
    _printf_i                                0x00000000   Number         0  stubs.o ABSOLUTE
    _printf_int_dec                          0x00000000   Number         0  stubs.o ABSOLUTE
    _printf_l                                0x00000000   Number         0  stubs.o ABSOLUTE
    _printf_lc                               0x00000000   Number         0  stubs.o ABSOLUTE
    _printf_ll                               0x00000000   Number         0  stubs.o ABSOLUTE
    _printf_lld                              0x00000000   Number         0  stubs.o ABSOLUTE
    _printf_lli                              0x00000000   Number         0  stubs.o ABSOLUTE
    _printf_llo                              0x00000000   Number         0  stubs.o ABSOLUTE
    _printf_llu                              0x00000000   Number         0  stubs.o ABSOLUTE
    _printf_llx                              0x00000000   Number         0  stubs.o ABSOLUTE
    _printf_longlong_dec                     0x00000000   Number         0  stubs.o ABSOLUTE
    _printf_longlong_hex                     0x00000000   Number         0  stubs.o ABSOLUTE
    _printf_longlong_oct                     0x00000000   Number         0  stubs.o ABSOLUTE
    _printf_ls                               0x00000000   Number         0  stubs.o ABSOLUTE
    _printf_mbtowc                           0x00000000   Number         0  stubs.o ABSOLUTE
    _printf_n                                0x00000000   Number         0  stubs.o ABSOLUTE
    _printf_o                                0x00000000   Number         0  stubs.o ABSOLUTE
    _printf_p                                0x00000000   Number         0  stubs.o ABSOLUTE
    _printf_percent                          0x00000000   Number         0  stubs.o ABSOLUTE
    _printf_pre_padding                      0x00000000   Number         0  stubs.o ABSOLUTE
    _printf_return_value                     0x00000000   Number         0  stubs.o ABSOLUTE
    _printf_s                                0x00000000   Number         0  stubs.o ABSOLUTE
    _printf_sizespec                         0x00000000   Number         0  stubs.o ABSOLUTE
    _printf_str                              0x00000000   Number         0  stubs.o ABSOLUTE
    _printf_truncate_signed                  0x00000000   Number         0  stubs.o ABSOLUTE
    _printf_truncate_unsigned                0x00000000   Number         0  stubs.o ABSOLUTE
    _printf_u                                0x00000000   Number         0  stubs.o ABSOLUTE
    _printf_wc                               0x00000000   Number         0  stubs.o ABSOLUTE
    _printf_wctomb                           0x00000000   Number         0  stubs.o ABSOLUTE
    _printf_widthprec                        0x00000000   Number         0  stubs.o ABSOLUTE
    _printf_x                                0x00000000   Number         0  stubs.o ABSOLUTE
    __cpp_initialize__aeabi_                  - Undefined Weak Reference
    __cxa_finalize                            - Undefined Weak Reference
    _clock_init                               - Undefined Weak Reference
    _microlib_exit                            - Undefined Weak Reference
    __Vectors_Size                           0x00000298   Number         0  startup_stm32h743xx.o ABSOLUTE
    __Vectors                                0x08000000   Data           4  startup_stm32h743xx.o(RESET)
    __Vectors_End                            0x08000298   Data           0  startup_stm32h743xx.o(RESET)
    __main                                   0x08000299   Thumb Code     0  entry.o(.ARM.Collect$$$$00000000)
    _main_stk                                0x08000299   Thumb Code     0  entry2.o(.ARM.Collect$$$$00000001)
    _main_scatterload                        0x0800029d   Thumb Code     0  entry5.o(.ARM.Collect$$$$00000004)
    __main_after_scatterload                 0x080002a1   Thumb Code     0  entry5.o(.ARM.Collect$$$$00000004)
    _main_clock                              0x080002a1   Thumb Code     0  entry7b.o(.ARM.Collect$$$$00000008)
    _main_cpp_init                           0x080002a1   Thumb Code     0  entry8b.o(.ARM.Collect$$$$0000000A)
    _main_init                               0x080002a1   Thumb Code     0  entry9a.o(.ARM.Collect$$$$0000000B)
    __rt_final_cpp                           0x080002a9   Thumb Code     0  entry10a.o(.ARM.Collect$$$$0000000D)
    __rt_final_exit                          0x080002a9   Thumb Code     0  entry11a.o(.ARM.Collect$$$$0000000F)
    Reset_Handler                            0x080002ad   Thumb Code     8  startup_stm32h743xx.o(.text)
    SysTick_Handler                          0x080002c5   Thumb Code     2  startup_stm32h743xx.o(.text)
    ADC3_IRQHandler                          0x080002c7   Thumb Code     0  startup_stm32h743xx.o(.text)
    ADC_IRQHandler                           0x080002c7   Thumb Code     0  startup_stm32h743xx.o(.text)
    BDMA_Channel0_IRQHandler                 0x080002c7   Thumb Code     0  startup_stm32h743xx.o(.text)
    BDMA_Channel1_IRQHandler                 0x080002c7   Thumb Code     0  startup_stm32h743xx.o(.text)
    BDMA_Channel2_IRQHandler                 0x080002c7   Thumb Code     0  startup_stm32h743xx.o(.text)
    BDMA_Channel3_IRQHandler                 0x080002c7   Thumb Code     0  startup_stm32h743xx.o(.text)
    BDMA_Channel4_IRQHandler                 0x080002c7   Thumb Code     0  startup_stm32h743xx.o(.text)
    BDMA_Channel5_IRQHandler                 0x080002c7   Thumb Code     0  startup_stm32h743xx.o(.text)
    BDMA_Channel6_IRQHandler                 0x080002c7   Thumb Code     0  startup_stm32h743xx.o(.text)
    BDMA_Channel7_IRQHandler                 0x080002c7   Thumb Code     0  startup_stm32h743xx.o(.text)
    CEC_IRQHandler                           0x080002c7   Thumb Code     0  startup_stm32h743xx.o(.text)
    COMP1_IRQHandler                         0x080002c7   Thumb Code     0  startup_stm32h743xx.o(.text)
    CRS_IRQHandler                           0x080002c7   Thumb Code     0  startup_stm32h743xx.o(.text)
    DCMI_IRQHandler                          0x080002c7   Thumb Code     0  startup_stm32h743xx.o(.text)
    DFSDM1_FLT0_IRQHandler                   0x080002c7   Thumb Code     0  startup_stm32h743xx.o(.text)
    DFSDM1_FLT1_IRQHandler                   0x080002c7   Thumb Code     0  startup_stm32h743xx.o(.text)
    DFSDM1_FLT2_IRQHandler                   0x080002c7   Thumb Code     0  startup_stm32h743xx.o(.text)
    DFSDM1_FLT3_IRQHandler                   0x080002c7   Thumb Code     0  startup_stm32h743xx.o(.text)
    DMA1_Stream0_IRQHandler                  0x080002c7   Thumb Code     0  startup_stm32h743xx.o(.text)
    DMA1_Stream1_IRQHandler                  0x080002c7   Thumb Code     0  startup_stm32h743xx.o(.text)
    DMA1_Stream2_IRQHandler                  0x080002c7   Thumb Code     0  startup_stm32h743xx.o(.text)
    DMA1_Stream3_IRQHandler                  0x080002c7   Thumb Code     0  startup_stm32h743xx.o(.text)
    DMA1_Stream4_IRQHandler                  0x080002c7   Thumb Code     0  startup_stm32h743xx.o(.text)
    DMA1_Stream5_IRQHandler                  0x080002c7   Thumb Code     0  startup_stm32h743xx.o(.text)
    DMA1_Stream6_IRQHandler                  0x080002c7   Thumb Code     0  startup_stm32h743xx.o(.text)
    DMA1_Stream7_IRQHandler                  0x080002c7   Thumb Code     0  startup_stm32h743xx.o(.text)
    DMA2D_IRQHandler                         0x080002c7   Thumb Code     0  startup_stm32h743xx.o(.text)
    DMA2_Stream0_IRQHandler                  0x080002c7   Thumb Code     0  startup_stm32h743xx.o(.text)
    DMA2_Stream1_IRQHandler                  0x080002c7   Thumb Code     0  startup_stm32h743xx.o(.text)
    DMA2_Stream2_IRQHandler                  0x080002c7   Thumb Code     0  startup_stm32h743xx.o(.text)
    DMA2_Stream3_IRQHandler                  0x080002c7   Thumb Code     0  startup_stm32h743xx.o(.text)
    DMA2_Stream4_IRQHandler                  0x080002c7   Thumb Code     0  startup_stm32h743xx.o(.text)
    DMA2_Stream5_IRQHandler                  0x080002c7   Thumb Code     0  startup_stm32h743xx.o(.text)
    DMA2_Stream6_IRQHandler                  0x080002c7   Thumb Code     0  startup_stm32h743xx.o(.text)
    DMA2_Stream7_IRQHandler                  0x080002c7   Thumb Code     0  startup_stm32h743xx.o(.text)
    DMAMUX1_OVR_IRQHandler                   0x080002c7   Thumb Code     0  startup_stm32h743xx.o(.text)
    DMAMUX2_OVR_IRQHandler                   0x080002c7   Thumb Code     0  startup_stm32h743xx.o(.text)
    ETH_IRQHandler                           0x080002c7   Thumb Code     0  startup_stm32h743xx.o(.text)
    ETH_WKUP_IRQHandler                      0x080002c7   Thumb Code     0  startup_stm32h743xx.o(.text)
    EXTI0_IRQHandler                         0x080002c7   Thumb Code     0  startup_stm32h743xx.o(.text)
    EXTI15_10_IRQHandler                     0x080002c7   Thumb Code     0  startup_stm32h743xx.o(.text)
    EXTI1_IRQHandler                         0x080002c7   Thumb Code     0  startup_stm32h743xx.o(.text)
    EXTI2_IRQHandler                         0x080002c7   Thumb Code     0  startup_stm32h743xx.o(.text)
    EXTI3_IRQHandler                         0x080002c7   Thumb Code     0  startup_stm32h743xx.o(.text)
    EXTI4_IRQHandler                         0x080002c7   Thumb Code     0  startup_stm32h743xx.o(.text)
    EXTI9_5_IRQHandler                       0x080002c7   Thumb Code     0  startup_stm32h743xx.o(.text)
    FDCAN1_IT0_IRQHandler                    0x080002c7   Thumb Code     0  startup_stm32h743xx.o(.text)
    FDCAN1_IT1_IRQHandler                    0x080002c7   Thumb Code     0  startup_stm32h743xx.o(.text)
    FDCAN2_IT0_IRQHandler                    0x080002c7   Thumb Code     0  startup_stm32h743xx.o(.text)
    FDCAN2_IT1_IRQHandler                    0x080002c7   Thumb Code     0  startup_stm32h743xx.o(.text)
    FDCAN_CAL_IRQHandler                     0x080002c7   Thumb Code     0  startup_stm32h743xx.o(.text)
    FLASH_IRQHandler                         0x080002c7   Thumb Code     0  startup_stm32h743xx.o(.text)
    FMC_IRQHandler                           0x080002c7   Thumb Code     0  startup_stm32h743xx.o(.text)
    FPU_IRQHandler                           0x080002c7   Thumb Code     0  startup_stm32h743xx.o(.text)
    HRTIM1_FLT_IRQHandler                    0x080002c7   Thumb Code     0  startup_stm32h743xx.o(.text)
    HRTIM1_Master_IRQHandler                 0x080002c7   Thumb Code     0  startup_stm32h743xx.o(.text)
    HRTIM1_TIMA_IRQHandler                   0x080002c7   Thumb Code     0  startup_stm32h743xx.o(.text)
    HRTIM1_TIMB_IRQHandler                   0x080002c7   Thumb Code     0  startup_stm32h743xx.o(.text)
    HRTIM1_TIMC_IRQHandler                   0x080002c7   Thumb Code     0  startup_stm32h743xx.o(.text)
    HRTIM1_TIMD_IRQHandler                   0x080002c7   Thumb Code     0  startup_stm32h743xx.o(.text)
    HRTIM1_TIME_IRQHandler                   0x080002c7   Thumb Code     0  startup_stm32h743xx.o(.text)
    HSEM1_IRQHandler                         0x080002c7   Thumb Code     0  startup_stm32h743xx.o(.text)
    I2C1_ER_IRQHandler                       0x080002c7   Thumb Code     0  startup_stm32h743xx.o(.text)
    I2C1_EV_IRQHandler                       0x080002c7   Thumb Code     0  startup_stm32h743xx.o(.text)
    I2C2_ER_IRQHandler                       0x080002c7   Thumb Code     0  startup_stm32h743xx.o(.text)
    I2C2_EV_IRQHandler                       0x080002c7   Thumb Code     0  startup_stm32h743xx.o(.text)
    I2C3_ER_IRQHandler                       0x080002c7   Thumb Code     0  startup_stm32h743xx.o(.text)
    I2C3_EV_IRQHandler                       0x080002c7   Thumb Code     0  startup_stm32h743xx.o(.text)
    I2C4_ER_IRQHandler                       0x080002c7   Thumb Code     0  startup_stm32h743xx.o(.text)
    I2C4_EV_IRQHandler                       0x080002c7   Thumb Code     0  startup_stm32h743xx.o(.text)
    JPEG_IRQHandler                          0x080002c7   Thumb Code     0  startup_stm32h743xx.o(.text)
    LPTIM1_IRQHandler                        0x080002c7   Thumb Code     0  startup_stm32h743xx.o(.text)
    LPTIM2_IRQHandler                        0x080002c7   Thumb Code     0  startup_stm32h743xx.o(.text)
    LPTIM3_IRQHandler                        0x080002c7   Thumb Code     0  startup_stm32h743xx.o(.text)
    LPTIM4_IRQHandler                        0x080002c7   Thumb Code     0  startup_stm32h743xx.o(.text)
    LPTIM5_IRQHandler                        0x080002c7   Thumb Code     0  startup_stm32h743xx.o(.text)
    LPUART1_IRQHandler                       0x080002c7   Thumb Code     0  startup_stm32h743xx.o(.text)
    LTDC_ER_IRQHandler                       0x080002c7   Thumb Code     0  startup_stm32h743xx.o(.text)
    LTDC_IRQHandler                          0x080002c7   Thumb Code     0  startup_stm32h743xx.o(.text)
    MDIOS_IRQHandler                         0x080002c7   Thumb Code     0  startup_stm32h743xx.o(.text)
    MDIOS_WKUP_IRQHandler                    0x080002c7   Thumb Code     0  startup_stm32h743xx.o(.text)
    MDMA_IRQHandler                          0x080002c7   Thumb Code     0  startup_stm32h743xx.o(.text)
    OTG_FS_EP1_IN_IRQHandler                 0x080002c7   Thumb Code     0  startup_stm32h743xx.o(.text)
    OTG_FS_EP1_OUT_IRQHandler                0x080002c7   Thumb Code     0  startup_stm32h743xx.o(.text)
    OTG_FS_IRQHandler                        0x080002c7   Thumb Code     0  startup_stm32h743xx.o(.text)
    OTG_FS_WKUP_IRQHandler                   0x080002c7   Thumb Code     0  startup_stm32h743xx.o(.text)
    OTG_HS_EP1_IN_IRQHandler                 0x080002c7   Thumb Code     0  startup_stm32h743xx.o(.text)
    OTG_HS_EP1_OUT_IRQHandler                0x080002c7   Thumb Code     0  startup_stm32h743xx.o(.text)
    OTG_HS_IRQHandler                        0x080002c7   Thumb Code     0  startup_stm32h743xx.o(.text)
    OTG_HS_WKUP_IRQHandler                   0x080002c7   Thumb Code     0  startup_stm32h743xx.o(.text)
    PVD_AVD_IRQHandler                       0x080002c7   Thumb Code     0  startup_stm32h743xx.o(.text)
    QUADSPI_IRQHandler                       0x080002c7   Thumb Code     0  startup_stm32h743xx.o(.text)
    RCC_IRQHandler                           0x080002c7   Thumb Code     0  startup_stm32h743xx.o(.text)
    RNG_IRQHandler                           0x080002c7   Thumb Code     0  startup_stm32h743xx.o(.text)
    RTC_Alarm_IRQHandler                     0x080002c7   Thumb Code     0  startup_stm32h743xx.o(.text)
    RTC_WKUP_IRQHandler                      0x080002c7   Thumb Code     0  startup_stm32h743xx.o(.text)
    SAI1_IRQHandler                          0x080002c7   Thumb Code     0  startup_stm32h743xx.o(.text)
    SAI2_IRQHandler                          0x080002c7   Thumb Code     0  startup_stm32h743xx.o(.text)
    SAI3_IRQHandler                          0x080002c7   Thumb Code     0  startup_stm32h743xx.o(.text)
    SAI4_IRQHandler                          0x080002c7   Thumb Code     0  startup_stm32h743xx.o(.text)
    SDMMC1_IRQHandler                        0x080002c7   Thumb Code     0  startup_stm32h743xx.o(.text)
    SDMMC2_IRQHandler                        0x080002c7   Thumb Code     0  startup_stm32h743xx.o(.text)
    SPDIF_RX_IRQHandler                      0x080002c7   Thumb Code     0  startup_stm32h743xx.o(.text)
    SPI1_IRQHandler                          0x080002c7   Thumb Code     0  startup_stm32h743xx.o(.text)
    SPI2_IRQHandler                          0x080002c7   Thumb Code     0  startup_stm32h743xx.o(.text)
    SPI3_IRQHandler                          0x080002c7   Thumb Code     0  startup_stm32h743xx.o(.text)
    SPI4_IRQHandler                          0x080002c7   Thumb Code     0  startup_stm32h743xx.o(.text)
    SPI5_IRQHandler                          0x080002c7   Thumb Code     0  startup_stm32h743xx.o(.text)
    SPI6_IRQHandler                          0x080002c7   Thumb Code     0  startup_stm32h743xx.o(.text)
    SWPMI1_IRQHandler                        0x080002c7   Thumb Code     0  startup_stm32h743xx.o(.text)
    TAMP_STAMP_IRQHandler                    0x080002c7   Thumb Code     0  startup_stm32h743xx.o(.text)
    TIM15_IRQHandler                         0x080002c7   Thumb Code     0  startup_stm32h743xx.o(.text)
    TIM16_IRQHandler                         0x080002c7   Thumb Code     0  startup_stm32h743xx.o(.text)
    TIM17_IRQHandler                         0x080002c7   Thumb Code     0  startup_stm32h743xx.o(.text)
    TIM1_BRK_IRQHandler                      0x080002c7   Thumb Code     0  startup_stm32h743xx.o(.text)
    TIM1_CC_IRQHandler                       0x080002c7   Thumb Code     0  startup_stm32h743xx.o(.text)
    TIM1_TRG_COM_IRQHandler                  0x080002c7   Thumb Code     0  startup_stm32h743xx.o(.text)
    TIM1_UP_IRQHandler                       0x080002c7   Thumb Code     0  startup_stm32h743xx.o(.text)
    TIM2_IRQHandler                          0x080002c7   Thumb Code     0  startup_stm32h743xx.o(.text)
    TIM3_IRQHandler                          0x080002c7   Thumb Code     0  startup_stm32h743xx.o(.text)
    TIM4_IRQHandler                          0x080002c7   Thumb Code     0  startup_stm32h743xx.o(.text)
    TIM5_IRQHandler                          0x080002c7   Thumb Code     0  startup_stm32h743xx.o(.text)
    TIM6_DAC_IRQHandler                      0x080002c7   Thumb Code     0  startup_stm32h743xx.o(.text)
    TIM7_IRQHandler                          0x080002c7   Thumb Code     0  startup_stm32h743xx.o(.text)
    TIM8_BRK_TIM12_IRQHandler                0x080002c7   Thumb Code     0  startup_stm32h743xx.o(.text)
    TIM8_CC_IRQHandler                       0x080002c7   Thumb Code     0  startup_stm32h743xx.o(.text)
    TIM8_TRG_COM_TIM14_IRQHandler            0x080002c7   Thumb Code     0  startup_stm32h743xx.o(.text)
    TIM8_UP_TIM13_IRQHandler                 0x080002c7   Thumb Code     0  startup_stm32h743xx.o(.text)
    UART4_IRQHandler                         0x080002c7   Thumb Code     0  startup_stm32h743xx.o(.text)
    UART5_IRQHandler                         0x080002c7   Thumb Code     0  startup_stm32h743xx.o(.text)
    UART7_IRQHandler                         0x080002c7   Thumb Code     0  startup_stm32h743xx.o(.text)
    UART8_IRQHandler                         0x080002c7   Thumb Code     0  startup_stm32h743xx.o(.text)
    USART1_IRQHandler                        0x080002c7   Thumb Code     0  startup_stm32h743xx.o(.text)
    USART2_IRQHandler                        0x080002c7   Thumb Code     0  startup_stm32h743xx.o(.text)
    USART3_IRQHandler                        0x080002c7   Thumb Code     0  startup_stm32h743xx.o(.text)
    USART6_IRQHandler                        0x080002c7   Thumb Code     0  startup_stm32h743xx.o(.text)
    WAKEUP_PIN_IRQHandler                    0x080002c7   Thumb Code     0  startup_stm32h743xx.o(.text)
    WWDG_IRQHandler                          0x080002c7   Thumb Code     0  startup_stm32h743xx.o(.text)
    __aeabi_uldivmod                         0x080002d1   Thumb Code    98  uldiv.o(.text)
    __aeabi_uidiv                            0x08000333   Thumb Code     0  uidiv.o(.text)
    __aeabi_uidivmod                         0x08000333   Thumb Code    44  uidiv.o(.text)
    __aeabi_llsl                             0x0800035f   Thumb Code    30  llshl.o(.text)
    _ll_shift_l                              0x0800035f   Thumb Code     0  llshl.o(.text)
    __aeabi_llsr                             0x0800037d   Thumb Code    32  llushr.o(.text)
    _ll_ushift_r                             0x0800037d   Thumb Code     0  llushr.o(.text)
    __I$use$fp                               0x0800039d   Thumb Code     0  iusefp.o(.text)
    __aeabi_dadd                             0x0800039d   Thumb Code   322  dadd.o(.text)
    __aeabi_dsub                             0x080004df   Thumb Code     6  dadd.o(.text)
    __aeabi_drsub                            0x080004e5   Thumb Code     6  dadd.o(.text)
    __aeabi_dmul                             0x080004eb   Thumb Code   228  dmul.o(.text)
    __aeabi_ddiv                             0x080005cf   Thumb Code   222  ddiv.o(.text)
    __aeabi_d2ulz                            0x080006ad   Thumb Code    48  dfixul.o(.text)
    __aeabi_cdrcmple                         0x080006dd   Thumb Code    48  cdrcmple.o(.text)
    __scatterload                            0x0800070d   Thumb Code    28  init.o(.text)
    __scatterload_rt2                        0x0800070d   Thumb Code     0  init.o(.text)
    __aeabi_lasr                             0x08000731   Thumb Code    36  llsshr.o(.text)
    _ll_sshift_r                             0x08000731   Thumb Code     0  llsshr.o(.text)
    _double_round                            0x08000755   Thumb Code    30  depilogue.o(.text)
    _double_epilogue                         0x08000773   Thumb Code   156  depilogue.o(.text)
    __decompress                             0x0800080f   Thumb Code     0  __dclz77c.o(.text)
    __decompress2                            0x0800080f   Thumb Code    94  __dclz77c.o(.text)
    BSP_QSPI_Erase_Block                     0x0800086d   Thumb Code    90  bsp_qspi_flash.o(i.BSP_QSPI_Erase_Block)
    BSP_QSPI_Read                            0x080008cd   Thumb Code    98  bsp_qspi_flash.o(i.BSP_QSPI_Read)
    BSP_QSPI_Write                           0x08000935   Thumb Code   182  bsp_qspi_flash.o(i.BSP_QSPI_Write)
    Buffercmp                                0x080009f1   Thumb Code    34  main.o(i.Buffercmp)
    BusFault_Handler                         0x08000a13   Thumb Code     4  stm32h7xx_it.o(i.BusFault_Handler)
    CPU_TS_TmrRd                             0x08000a19   Thumb Code     6  core_delay.o(i.CPU_TS_TmrRd)
    DEBUG_USART_Config                       0x08000a25   Thumb Code   230  bsp_debug_usart.o(i.DEBUG_USART_Config)
    DebugMon_Handler                         0x08000b1d   Thumb Code     2  stm32h7xx_it.o(i.DebugMon_Handler)
    Delay                                    0x08000b1f   Thumb Code    18  main.o(i.Delay)
    HAL_GPIO_Init                            0x08000b31   Thumb Code   534  stm32h7xx_hal_gpio.o(i.HAL_GPIO_Init)
    HAL_GPIO_WritePin                        0x08000d7d   Thumb Code    10  stm32h7xx_hal_gpio.o(i.HAL_GPIO_WritePin)
    HAL_GetTick                              0x08000d89   Thumb Code    18  core_delay.o(i.HAL_GetTick)
    HAL_InitTick                             0x08000da5   Thumb Code    34  core_delay.o(i.HAL_InitTick)
    HAL_NVIC_EnableIRQ                       0x08000dd1   Thumb Code    32  stm32h7xx_hal_cortex.o(i.HAL_NVIC_EnableIRQ)
    HAL_NVIC_SetPriority                     0x08000df1   Thumb Code   124  stm32h7xx_hal_cortex.o(i.HAL_NVIC_SetPriority)
    HAL_QSPI_AutoPolling                     0x08000e6d   Thumb Code   212  stm32h7xx_hal_qspi.o(i.HAL_QSPI_AutoPolling)
    HAL_QSPI_Command                         0x08000f41   Thumb Code   166  stm32h7xx_hal_qspi.o(i.HAL_QSPI_Command)
    HAL_QSPI_Init                            0x08000fe9   Thumb Code   244  stm32h7xx_hal_qspi.o(i.HAL_QSPI_Init)
    HAL_QSPI_MspInit                         0x080010e5   Thumb Code     2  stm32h7xx_hal_qspi.o(i.HAL_QSPI_MspInit)
    HAL_QSPI_Receive                         0x080010e7   Thumb Code   226  stm32h7xx_hal_qspi.o(i.HAL_QSPI_Receive)
    HAL_QSPI_SetTimeout                      0x080011c9   Thumb Code     4  stm32h7xx_hal_qspi.o(i.HAL_QSPI_SetTimeout)
    HAL_QSPI_Transmit                        0x080011cd   Thumb Code   210  stm32h7xx_hal_qspi.o(i.HAL_QSPI_Transmit)
    HAL_RCCEx_GetD1SysClockFreq              0x080012a1   Thumb Code    44  stm32h7xx_hal_rcc_ex.o(i.HAL_RCCEx_GetD1SysClockFreq)
    HAL_RCCEx_GetD3PCLK1Freq                 0x080012d9   Thumb Code    34  stm32h7xx_hal_rcc_ex.o(i.HAL_RCCEx_GetD3PCLK1Freq)
    HAL_RCCEx_GetPLL2ClockFreq               0x08001305   Thumb Code   532  stm32h7xx_hal_rcc_ex.o(i.HAL_RCCEx_GetPLL2ClockFreq)
    HAL_RCCEx_GetPLL3ClockFreq               0x08001531   Thumb Code   532  stm32h7xx_hal_rcc_ex.o(i.HAL_RCCEx_GetPLL3ClockFreq)
    HAL_RCCEx_PeriphCLKConfig                0x0800175d   Thumb Code  3204  stm32h7xx_hal_rcc_ex.o(i.HAL_RCCEx_PeriphCLKConfig)
    HAL_RCC_ClockConfig                      0x080023e5   Thumb Code   574  stm32h7xx_hal_rcc.o(i.HAL_RCC_ClockConfig)
    HAL_RCC_GetHCLKFreq                      0x08002635   Thumb Code    42  stm32h7xx_hal_rcc.o(i.HAL_RCC_GetHCLKFreq)
    HAL_RCC_GetPCLK1Freq                     0x0800266d   Thumb Code    34  stm32h7xx_hal_rcc.o(i.HAL_RCC_GetPCLK1Freq)
    HAL_RCC_GetPCLK2Freq                     0x08002699   Thumb Code    36  stm32h7xx_hal_rcc.o(i.HAL_RCC_GetPCLK2Freq)
    HAL_RCC_GetSysClockFreq                  0x080026c5   Thumb Code   556  stm32h7xx_hal_rcc.o(i.HAL_RCC_GetSysClockFreq)
    HAL_RCC_OscConfig                        0x08002909   Thumb Code  1716  stm32h7xx_hal_rcc.o(i.HAL_RCC_OscConfig)
    HAL_UART_Init                            0x08002fc5   Thumb Code   120  stm32h7xx_hal_uart.o(i.HAL_UART_Init)
    HAL_UART_MspInit                         0x0800303d   Thumb Code     2  stm32h7xx_hal_uart.o(i.HAL_UART_MspInit)
    HAL_UART_Transmit                        0x0800303f   Thumb Code   198  stm32h7xx_hal_uart.o(i.HAL_UART_Transmit)
    HardFault_Handler                        0x08003105   Thumb Code     4  stm32h7xx_it.o(i.HardFault_Handler)
    LED_GPIO_Config                          0x08003109   Thumb Code   208  bsp_led.o(i.LED_GPIO_Config)
    MemManage_Handler                        0x080031e5   Thumb Code     4  stm32h7xx_it.o(i.MemManage_Handler)
    NMI_Handler                              0x080031e9   Thumb Code     2  stm32h7xx_it.o(i.NMI_Handler)
    PendSV_Handler                           0x080031eb   Thumb Code     2  stm32h7xx_it.o(i.PendSV_Handler)
    QSPI_FLASH_Init                          0x08003495   Thumb Code   554  bsp_qspi_flash.o(i.QSPI_FLASH_Init)
    QSPI_FLASH_ReadDeviceID                  0x080036d9   Thumb Code   120  bsp_qspi_flash.o(i.QSPI_FLASH_ReadDeviceID)
    QSPI_FLASH_ReadID                        0x0800376d   Thumb Code   116  bsp_qspi_flash.o(i.QSPI_FLASH_ReadID)
    QSPI_FLASH_ReadStatusReg                 0x080037fd   Thumb Code   136  bsp_qspi_flash.o(i.QSPI_FLASH_ReadStatusReg)
    SVC_Handler                              0x08003c69   Thumb Code     2  stm32h7xx_it.o(i.SVC_Handler)
    SystemInit                               0x08003d29   Thumb Code   130  system_stm32h7xx.o(i.SystemInit)
    UART_AdvFeatureConfig                    0x08003dbd   Thumb Code   234  stm32h7xx_hal_uart.o(i.UART_AdvFeatureConfig)
    UART_CheckIdleState                      0x08003ea7   Thumb Code   116  stm32h7xx_hal_uart.o(i.UART_CheckIdleState)
    UART_SetConfig                           0x08003f1d   Thumb Code  2452  stm32h7xx_hal_uart.o(i.UART_SetConfig)
    UART_WaitOnFlagUntilTimeout              0x080048c1   Thumb Code   108  stm32h7xx_hal_uart.o(i.UART_WaitOnFlagUntilTimeout)
    UsageFault_Handler                       0x0800492d   Thumb Code     4  stm32h7xx_it.o(i.UsageFault_Handler)
    __0printf                                0x08004931   Thumb Code    22  printfa.o(i.__0printf)
    __1printf                                0x08004931   Thumb Code     0  printfa.o(i.__0printf)
    __2printf                                0x08004931   Thumb Code     0  printfa.o(i.__0printf)
    __c89printf                              0x08004931   Thumb Code     0  printfa.o(i.__0printf)
    printf                                   0x08004931   Thumb Code     0  printfa.o(i.__0printf)
    __scatterload_copy                       0x08004989   Thumb Code    14  handlers.o(i.__scatterload_copy)
    __scatterload_null                       0x08004997   Thumb Code     2  handlers.o(i.__scatterload_null)
    __scatterload_zeroinit                   0x08004999   Thumb Code    14  handlers.o(i.__scatterload_zeroinit)
    fputc                                    0x0800525d   Thumb Code    22  bsp_debug_usart.o(i.fputc)
    main                                     0x08005279   Thumb Code   588  main.o(i.main)
    D1CorePrescTable                         0x08005714   Data          16  system_stm32h7xx.o(.constdata)
    Region$$Table$$Base                      0x08005754   Number         0  anon$$obj.o(Region$$Table)
    Region$$Table$$Limit                     0x08005774   Number         0  anon$$obj.o(Region$$Table)
    SystemCoreClock                          0x24000000   Data           4  system_stm32h7xx.o(.data)
    SystemD2Clock                            0x24000004   Data           4  system_stm32h7xx.o(.data)
    Tx_Buffer123                             0x24000008   Data       65537  main.o(.data)
    Tx_Buffer                                0x24010009   Data         257  main.o(.data)
    Tx_Buffer2                               0x2401010a   Data          33  main.o(.data)
    DeviceID                                 0x2401012c   Data           4  main.o(.data)
    FlashID                                  0x24010130   Data           4  main.o(.data)
    TransferStatus1                          0x24010134   Data           1  main.o(.data)
    state                                    0x24010135   Data           1  main.o(.data)
    __stdout                                 0x24010138   Data           4  stdout.o(.data)
    Rx_Buffer                                0x2401013c   Data         256  main.o(.bss)
    UartHandle                               0x2401023c   Data         128  bsp_debug_usart.o(.bss)
    QSPIHandle                               0x240102bc   Data          76  bsp_qspi_flash.o(.bss)
    __initial_sp                             0x24010708   Data           0  startup_stm32h743xx.o(STACK)



==============================================================================

Memory Map of the image

  Image Entry point : 0x08000299

  Load Region LR_IROM1 (Base: 0x08000000, Size: 0x000158b0, Max: 0x00200000, ABSOLUTE, COMPRESSED[0x0000b4a0])

    Execution Region ER_IROM1 (Exec base: 0x08000000, Load base: 0x08000000, Size: 0x00005774, Max: 0x00200000, ABSOLUTE)

    Exec Addr    Load Addr    Size         Type   Attr      Idx    E Section Name        Object

    0x08000000   0x08000000   0x00000298   Data   RO            3    RESET               startup_stm32h743xx.o
    0x08000298   0x08000298   0x00000000   Code   RO         4903  * .ARM.Collect$$$$00000000  mc_w.l(entry.o)
    0x08000298   0x08000298   0x00000004   Code   RO         5169    .ARM.Collect$$$$00000001  mc_w.l(entry2.o)
    0x0800029c   0x0800029c   0x00000004   Code   RO         5172    .ARM.Collect$$$$00000004  mc_w.l(entry5.o)
    0x080002a0   0x080002a0   0x00000000   Code   RO         5174    .ARM.Collect$$$$00000008  mc_w.l(entry7b.o)
    0x080002a0   0x080002a0   0x00000000   Code   RO         5176    .ARM.Collect$$$$0000000A  mc_w.l(entry8b.o)
    0x080002a0   0x080002a0   0x00000008   Code   RO         5177    .ARM.Collect$$$$0000000B  mc_w.l(entry9a.o)
    0x080002a8   0x080002a8   0x00000000   Code   RO         5179    .ARM.Collect$$$$0000000D  mc_w.l(entry10a.o)
    0x080002a8   0x080002a8   0x00000000   Code   RO         5181    .ARM.Collect$$$$0000000F  mc_w.l(entry11a.o)
    0x080002a8   0x080002a8   0x00000004   Code   RO         5170    .ARM.Collect$$$$00002712  mc_w.l(entry2.o)
    0x080002ac   0x080002ac   0x00000024   Code   RO            4    .text               startup_stm32h743xx.o
    0x080002d0   0x080002d0   0x00000062   Code   RO         4906    .text               mc_w.l(uldiv.o)
    0x08000332   0x08000332   0x0000002c   Code   RO         5184    .text               mc_w.l(uidiv.o)
    0x0800035e   0x0800035e   0x0000001e   Code   RO         5186    .text               mc_w.l(llshl.o)
    0x0800037c   0x0800037c   0x00000020   Code   RO         5188    .text               mc_w.l(llushr.o)
    0x0800039c   0x0800039c   0x00000000   Code   RO         5190    .text               mc_w.l(iusefp.o)
    0x0800039c   0x0800039c   0x0000014e   Code   RO         5191    .text               mf_w.l(dadd.o)
    0x080004ea   0x080004ea   0x000000e4   Code   RO         5193    .text               mf_w.l(dmul.o)
    0x080005ce   0x080005ce   0x000000de   Code   RO         5195    .text               mf_w.l(ddiv.o)
    0x080006ac   0x080006ac   0x00000030   Code   RO         5197    .text               mf_w.l(dfixul.o)
    0x080006dc   0x080006dc   0x00000030   Code   RO         5199    .text               mf_w.l(cdrcmple.o)
    0x0800070c   0x0800070c   0x00000024   Code   RO         5201    .text               mc_w.l(init.o)
    0x08000730   0x08000730   0x00000024   Code   RO         5203    .text               mc_w.l(llsshr.o)
    0x08000754   0x08000754   0x000000ba   Code   RO         5205    .text               mf_w.l(depilogue.o)
    0x0800080e   0x0800080e   0x0000005e   Code   RO         5215    .text               mc_w.l(__dclz77c.o)
    0x0800086c   0x0800086c   0x00000060   Code   RO         4730    i.BSP_QSPI_Erase_Block  bsp_qspi_flash.o
    0x080008cc   0x080008cc   0x00000068   Code   RO         4736    i.BSP_QSPI_Read     bsp_qspi_flash.o
    0x08000934   0x08000934   0x000000bc   Code   RO         4737    i.BSP_QSPI_Write    bsp_qspi_flash.o
    0x080009f0   0x080009f0   0x00000022   Code   RO         4510    i.Buffercmp         main.o
    0x08000a12   0x08000a12   0x00000004   Code   RO         4583    i.BusFault_Handler  stm32h7xx_it.o
    0x08000a16   0x08000a16   0x00000002   PAD
    0x08000a18   0x08000a18   0x0000000c   Code   RO         4862    i.CPU_TS_TmrRd      core_delay.o
    0x08000a24   0x08000a24   0x000000f8   Code   RO         4680    i.DEBUG_USART_Config  bsp_debug_usart.o
    0x08000b1c   0x08000b1c   0x00000002   Code   RO         4584    i.DebugMon_Handler  stm32h7xx_it.o
    0x08000b1e   0x08000b1e   0x00000012   Code   RO         4511    i.Delay             main.o
    0x08000b30   0x08000b30   0x0000024c   Code   RO         1377    i.HAL_GPIO_Init     stm32h7xx_hal_gpio.o
    0x08000d7c   0x08000d7c   0x0000000a   Code   RO         1381    i.HAL_GPIO_WritePin  stm32h7xx_hal_gpio.o
    0x08000d86   0x08000d86   0x00000002   PAD
    0x08000d88   0x08000d88   0x0000001c   Code   RO         4864    i.HAL_GetTick       core_delay.o
    0x08000da4   0x08000da4   0x0000002c   Code   RO         4865    i.HAL_InitTick      core_delay.o
    0x08000dd0   0x08000dd0   0x00000020   Code   RO          552    i.HAL_NVIC_EnableIRQ  stm32h7xx_hal_cortex.o
    0x08000df0   0x08000df0   0x0000007c   Code   RO          558    i.HAL_NVIC_SetPriority  stm32h7xx_hal_cortex.o
    0x08000e6c   0x08000e6c   0x000000d4   Code   RO         3105    i.HAL_QSPI_AutoPolling  stm32h7xx_hal_qspi.o
    0x08000f40   0x08000f40   0x000000a6   Code   RO         3108    i.HAL_QSPI_Command  stm32h7xx_hal_qspi.o
    0x08000fe6   0x08000fe6   0x00000002   PAD
    0x08000fe8   0x08000fe8   0x000000fc   Code   RO         3117    i.HAL_QSPI_Init     stm32h7xx_hal_qspi.o
    0x080010e4   0x080010e4   0x00000002   Code   RO         3120    i.HAL_QSPI_MspInit  stm32h7xx_hal_qspi.o
    0x080010e6   0x080010e6   0x000000e2   Code   RO         3121    i.HAL_QSPI_Receive  stm32h7xx_hal_qspi.o
    0x080011c8   0x080011c8   0x00000004   Code   RO         3127    i.HAL_QSPI_SetTimeout  stm32h7xx_hal_qspi.o
    0x080011cc   0x080011cc   0x000000d2   Code   RO         3130    i.HAL_QSPI_Transmit  stm32h7xx_hal_qspi.o
    0x0800129e   0x0800129e   0x00000002   PAD
    0x080012a0   0x080012a0   0x00000038   Code   RO         2430    i.HAL_RCCEx_GetD1SysClockFreq  stm32h7xx_hal_rcc_ex.o
    0x080012d8   0x080012d8   0x0000002c   Code   RO         2431    i.HAL_RCCEx_GetD3PCLK1Freq  stm32h7xx_hal_rcc_ex.o
    0x08001304   0x08001304   0x0000022c   Code   RO         2433    i.HAL_RCCEx_GetPLL2ClockFreq  stm32h7xx_hal_rcc_ex.o
    0x08001530   0x08001530   0x0000022c   Code   RO         2434    i.HAL_RCCEx_GetPLL3ClockFreq  stm32h7xx_hal_rcc_ex.o
    0x0800175c   0x0800175c   0x00000c88   Code   RO         2438    i.HAL_RCCEx_PeriphCLKConfig  stm32h7xx_hal_rcc_ex.o
    0x080023e4   0x080023e4   0x00000250   Code   RO         3351    i.HAL_RCC_ClockConfig  stm32h7xx_hal_rcc.o
    0x08002634   0x08002634   0x00000038   Code   RO         3355    i.HAL_RCC_GetHCLKFreq  stm32h7xx_hal_rcc.o
    0x0800266c   0x0800266c   0x0000002c   Code   RO         3357    i.HAL_RCC_GetPCLK1Freq  stm32h7xx_hal_rcc.o
    0x08002698   0x08002698   0x0000002c   Code   RO         3358    i.HAL_RCC_GetPCLK2Freq  stm32h7xx_hal_rcc.o
    0x080026c4   0x080026c4   0x00000244   Code   RO         3359    i.HAL_RCC_GetSysClockFreq  stm32h7xx_hal_rcc.o
    0x08002908   0x08002908   0x000006bc   Code   RO         3362    i.HAL_RCC_OscConfig  stm32h7xx_hal_rcc.o
    0x08002fc4   0x08002fc4   0x00000078   Code   RO         3834    i.HAL_UART_Init     stm32h7xx_hal_uart.o
    0x0800303c   0x0800303c   0x00000002   Code   RO         3836    i.HAL_UART_MspInit  stm32h7xx_hal_uart.o
    0x0800303e   0x0800303e   0x000000c6   Code   RO         3842    i.HAL_UART_Transmit  stm32h7xx_hal_uart.o
    0x08003104   0x08003104   0x00000004   Code   RO         4585    i.HardFault_Handler  stm32h7xx_it.o
    0x08003108   0x08003108   0x000000dc   Code   RO         4654    i.LED_GPIO_Config   bsp_led.o
    0x080031e4   0x080031e4   0x00000004   Code   RO         4586    i.MemManage_Handler  stm32h7xx_it.o
    0x080031e8   0x080031e8   0x00000002   Code   RO         4587    i.NMI_Handler       stm32h7xx_it.o
    0x080031ea   0x080031ea   0x00000002   Code   RO         4588    i.PendSV_Handler    stm32h7xx_it.o
    0x080031ec   0x080031ec   0x0000005c   Code   RO         4739    i.QSPI_AutoPollingMemReady  bsp_qspi_flash.o
    0x08003248   0x08003248   0x0000024a   Code   RO         3135    i.QSPI_Config       stm32h7xx_hal_qspi.o
    0x08003492   0x08003492   0x00000002   PAD
    0x08003494   0x08003494   0x00000244   Code   RO         4740    i.QSPI_FLASH_Init   bsp_qspi_flash.o
    0x080036d8   0x080036d8   0x00000094   Code   RO         4741    i.QSPI_FLASH_ReadDeviceID  bsp_qspi_flash.o
    0x0800376c   0x0800376c   0x00000090   Code   RO         4742    i.QSPI_FLASH_ReadID  bsp_qspi_flash.o
    0x080037fc   0x080037fc   0x000000a4   Code   RO         4743    i.QSPI_FLASH_ReadStatusReg  bsp_qspi_flash.o
    0x080038a0   0x080038a0   0x0000004c   Code   RO         3140    i.QSPI_WaitFlagStateUntilTimeout  stm32h7xx_hal_qspi.o
    0x080038ec   0x080038ec   0x00000074   Code   RO         4748    i.QSPI_WriteEnable  bsp_qspi_flash.o
    0x08003960   0x08003960   0x000000f8   Code   RO         2441    i.RCCEx_PLL2_Config  stm32h7xx_hal_rcc_ex.o
    0x08003a58   0x08003a58   0x000000f8   Code   RO         2442    i.RCCEx_PLL3_Config  stm32h7xx_hal_rcc_ex.o
    0x08003b50   0x08003b50   0x0000009c   Code   RO         4512    i.SCB_EnableDCache  main.o
    0x08003bec   0x08003bec   0x0000007c   Code   RO         4513    i.SCB_EnableICache  main.o
    0x08003c68   0x08003c68   0x00000002   Code   RO         4589    i.SVC_Handler       stm32h7xx_it.o
    0x08003c6a   0x08003c6a   0x00000002   PAD
    0x08003c6c   0x08003c6c   0x000000bc   Code   RO         4514    i.SystemClock_Config  main.o
    0x08003d28   0x08003d28   0x00000094   Code   RO           14    i.SystemInit        system_stm32h7xx.o
    0x08003dbc   0x08003dbc   0x000000ea   Code   RO         3847    i.UART_AdvFeatureConfig  stm32h7xx_hal_uart.o
    0x08003ea6   0x08003ea6   0x00000074   Code   RO         3848    i.UART_CheckIdleState  stm32h7xx_hal_uart.o
    0x08003f1a   0x08003f1a   0x00000002   PAD
    0x08003f1c   0x08003f1c   0x000009a4   Code   RO         3863    i.UART_SetConfig    stm32h7xx_hal_uart.o
    0x080048c0   0x080048c0   0x0000006c   Code   RO         3865    i.UART_WaitOnFlagUntilTimeout  stm32h7xx_hal_uart.o
    0x0800492c   0x0800492c   0x00000004   Code   RO         4590    i.UsageFault_Handler  stm32h7xx_it.o
    0x08004930   0x08004930   0x00000020   Code   RO         5141    i.__0printf         mc_w.l(printfa.o)
    0x08004950   0x08004950   0x00000010   Code   RO          565    i.__NVIC_GetPriorityGrouping  stm32h7xx_hal_cortex.o
    0x08004960   0x08004960   0x00000028   Code   RO          566    i.__NVIC_SetPriority  stm32h7xx_hal_cortex.o
    0x08004988   0x08004988   0x0000000e   Code   RO         5209    i.__scatterload_copy  mc_w.l(handlers.o)
    0x08004996   0x08004996   0x00000002   Code   RO         5210    i.__scatterload_null  mc_w.l(handlers.o)
    0x08004998   0x08004998   0x0000000e   Code   RO         5211    i.__scatterload_zeroinit  mc_w.l(handlers.o)
    0x080049a6   0x080049a6   0x00000002   PAD
    0x080049a8   0x080049a8   0x00000184   Code   RO         5148    i._fp_digits        mc_w.l(printfa.o)
    0x08004b2c   0x08004b2c   0x000006dc   Code   RO         5149    i._printf_core      mc_w.l(printfa.o)
    0x08005208   0x08005208   0x00000024   Code   RO         5150    i._printf_post_padding  mc_w.l(printfa.o)
    0x0800522c   0x0800522c   0x0000002e   Code   RO         5151    i._printf_pre_padding  mc_w.l(printfa.o)
    0x0800525a   0x0800525a   0x00000002   PAD
    0x0800525c   0x0800525c   0x0000001c   Code   RO         4683    i.fputc             bsp_debug_usart.o
    0x08005278   0x08005278   0x0000046c   Code   RO         4515    i.main              main.o
    0x080056e4   0x080056e4   0x00000040   Data   RO           15    .constdata          system_stm32h7xx.o
    0x08005724   0x08005724   0x00000030   Data   RO         3866    .constdata          stm32h7xx_hal_uart.o
    0x08005754   0x08005754   0x00000020   Data   RO         5207    Region$$Table       anon$$obj.o


    Execution Region RW_IRAM1 (Exec base: 0x20000000, Load base: 0x08005774, Size: 0x00000000, Max: 0x00020000, ABSOLUTE)

    **** No section assigned to this execution region ****


    Execution Region RW_IRAM2 (Exec base: 0x24000000, Load base: 0x08005774, Size: 0x00010708, Max: 0x00080000, ABSOLUTE, COMPRESSED[0x00005d2c])

    Exec Addr    Load Addr    Size         Type   Attr      Idx    E Section Name        Object

    0x24000000   COMPRESSED   0x00000008   Data   RW           16    .data               system_stm32h7xx.o
    0x24000008   COMPRESSED   0x0001012e   Data   RW         4518    .data               main.o
    0x24010136   COMPRESSED   0x00000002   PAD
    0x24010138   COMPRESSED   0x00000004   Data   RW         5183    .data               mc_w.l(stdout.o)
    0x2401013c        -       0x00000100   Zero   RW         4516    .bss                main.o
    0x2401023c        -       0x00000080   Zero   RW         4684    .bss                bsp_debug_usart.o
    0x240102bc        -       0x0000004c   Zero   RW         4749    .bss                bsp_qspi_flash.o
    0x24010308        -       0x00000400   Zero   RW            1    STACK               startup_stm32h743xx.o


==============================================================================

Image component sizes


      Code (inc. data)   RO Data    RW Data    ZI Data      Debug   Object Name

       276         24          0          0        128       2015   bsp_debug_usart.o
       220         12          0          0          0       1006   bsp_led.o
      1632        138          0          0         76       7908   bsp_qspi_flash.o
        84         26          0          0          0       1516   core_delay.o
      1652        564          0      65838        256      43419   main.o
        36          8        664          0       1024        952   startup_stm32h743xx.o
       212         14          0          0          0      37335   stm32h7xx_hal_cortex.o
       598         54          0          0          0       2472   stm32h7xx_hal_gpio.o
      1734          8          0          0          0       8630   stm32h7xx_hal_qspi.o
      3040         86          0          0          0       5968   stm32h7xx_hal_rcc.o
      4916        122          0          0          0       7351   stm32h7xx_hal_rcc_ex.o
      3246        130         48          0          0       7316   stm32h7xx_hal_uart.o
        24          0          0          0          0       3656   stm32h7xx_it.o
       148         18         64          8          0    1177494   system_stm32h7xx.o

    ----------------------------------------------------------------------
     17832       1204        808      65848       1484    1307038   Object Totals
         0          0         32          0          0          0   (incl. Generated)
        14          0          0          2          0          0   (incl. Padding)

    ----------------------------------------------------------------------

      Code (inc. data)   RO Data    RW Data    ZI Data      Debug   Library Member Name

        94          0          0          0          0          0   __dclz77c.o
         0          0          0          0          0          0   entry.o
         0          0          0          0          0          0   entry10a.o
         0          0          0          0          0          0   entry11a.o
         8          4          0          0          0          0   entry2.o
         4          0          0          0          0          0   entry5.o
         0          0          0          0          0          0   entry7b.o
         0          0          0          0          0          0   entry8b.o
         8          4          0          0          0          0   entry9a.o
        30          0          0          0          0          0   handlers.o
        36          8          0          0          0         68   init.o
         0          0          0          0          0          0   iusefp.o
        30          0          0          0          0         68   llshl.o
        36          0          0          0          0         68   llsshr.o
        32          0          0          0          0         68   llushr.o
      2258         90          0          0          0        452   printfa.o
         0          0          0          4          0          0   stdout.o
        44          0          0          0          0         80   uidiv.o
        98          0          0          0          0         92   uldiv.o
        48          0          0          0          0         68   cdrcmple.o
       334          0          0          0          0        148   dadd.o
       222          0          0          0          0        100   ddiv.o
       186          0          0          0          0        176   depilogue.o
        48          0          0          0          0         68   dfixul.o
       228          0          0          0          0         96   dmul.o

    ----------------------------------------------------------------------
      3748        106          0          4          0       1552   Library Totals
         4          0          0          0          0          0   (incl. Padding)

    ----------------------------------------------------------------------

      Code (inc. data)   RO Data    RW Data    ZI Data      Debug   Library Name

      2678        106          0          4          0        896   mc_w.l
      1066          0          0          0          0        656   mf_w.l

    ----------------------------------------------------------------------
      3748        106          0          4          0       1552   Library Totals

    ----------------------------------------------------------------------

==============================================================================


      Code (inc. data)   RO Data    RW Data    ZI Data      Debug   

     21580       1310        808      65852       1484    1302394   Grand Totals
     21580       1310        808      23852       1484    1302394   ELF Image Totals (compressed)
     21580       1310        808      23852          0          0   ROM Totals

==============================================================================

    Total RO  Size (Code + RO Data)                22388 (  21.86kB)
    Total RW  Size (RW Data + ZI Data)             67336 (  65.76kB)
    Total ROM Size (Code + RO Data + RW Data)      46240 (  45.16kB)

==============================================================================

